Archive member included because of file (symbol)

.\CortexM0\ARM_GCC_484\Debug\PSOC_CapenseProximity.a(cyfitter_cfg.o)
                              .\CortexM0\ARM_GCC_484\Debug\Cm0Start.o (cyfitter_cfg)
.\CortexM0\ARM_GCC_484\Debug\PSOC_CapenseProximity.a(BLE.o)
                              .\CortexM0\ARM_GCC_484\Debug\main.o (CyBle_Start)
.\CortexM0\ARM_GCC_484\Debug\PSOC_CapenseProximity.a(BLE_gatt.o)
                              .\CortexM0\ARM_GCC_484\Debug\BLEApplications.o (cyBle_state)
.\CortexM0\ARM_GCC_484\Debug\PSOC_CapenseProximity.a(BLE_eventHandler.o)
                              .\CortexM0\ARM_GCC_484\Debug\PSOC_CapenseProximity.a(BLE.o) (cyBle_eventHandlerFlag)
.\CortexM0\ARM_GCC_484\Debug\PSOC_CapenseProximity.a(CapSense.o)
                              .\CortexM0\ARM_GCC_484\Debug\main.o (CapSense_Start)
.\CortexM0\ARM_GCC_484\Debug\PSOC_CapenseProximity.a(CapSense_CSHL.o)
                              .\CortexM0\ARM_GCC_484\Debug\PSOC_CapenseProximity.a(CapSense.o) (CapSense_rawDataIndex)
.\CortexM0\ARM_GCC_484\Debug\PSOC_CapenseProximity.a(CapSense_INT.o)
                              .\CortexM0\ARM_GCC_484\Debug\PSOC_CapenseProximity.a(CapSense.o) (CapSense_ISR)
.\CortexM0\ARM_GCC_484\Debug\PSOC_CapenseProximity.a(CapSense_SMS.o)
                              .\CortexM0\ARM_GCC_484\Debug\PSOC_CapenseProximity.a(CapSense_CSHL.o) (CapSense_config)
.\CortexM0\ARM_GCC_484\Debug\PSOC_CapenseProximity.a(Status_LED.o)
                              .\CortexM0\ARM_GCC_484\Debug\BLEApplications.o (Status_LED_Write)
.\CortexM0\ARM_GCC_484\Debug\PSOC_CapenseProximity.a(CapSense_SampleClk.o)
                              .\CortexM0\ARM_GCC_484\Debug\PSOC_CapenseProximity.a(CapSense.o) (CapSense_SampleClk_StartEx)
.\CortexM0\ARM_GCC_484\Debug\PSOC_CapenseProximity.a(CapSense_SenseClk.o)
                              .\CortexM0\ARM_GCC_484\Debug\PSOC_CapenseProximity.a(CapSense.o) (CapSense_SenseClk_StartEx)
.\CortexM0\ARM_GCC_484\Debug\PSOC_CapenseProximity.a(CyBootAsmGnu.o)
                              .\CortexM0\ARM_GCC_484\Debug\PSOC_CapenseProximity.a(cyfitter_cfg.o) (CyDelayCycles)
.\CortexM0\ARM_GCC_484\Debug\PSOC_CapenseProximity.a(CyLib.o)
                              .\CortexM0\ARM_GCC_484\Debug\PSOC_CapenseProximity.a(cyfitter_cfg.o) (CyDelayUs)
C:\Program Files (x86)\Cypress\PSoC Creator\3.1\PSoC Creator\psoc\content\cycomponentlibrary\CyComponentLibrary.cylib\BLE_v1_20\Library\gccCyBLEStack_BLE_SOC_PERIPHERAL.a(CyBle.o)
                              .\CortexM0\ARM_GCC_484\Debug\main.o (CyBle_ProcessEvents)
C:\Program Files (x86)\Cypress\PSoC Creator\3.1\PSoC Creator\psoc\content\cycomponentlibrary\CyComponentLibrary.cylib\BLE_v1_20\Library\gccCyBLEStack_BLE_SOC_PERIPHERAL.a(CyBleStackMgrIP_Interface.o)
                              C:\Program Files (x86)\Cypress\PSoC Creator\3.1\PSoC Creator\psoc\content\cycomponentlibrary\CyComponentLibrary.cylib\BLE_v1_20\Library\gccCyBLEStack_BLE_SOC_PERIPHERAL.a(CyBle.o) (CyBleStackMgr_BleGetConfigData)
C:\Program Files (x86)\Cypress\PSoC Creator\3.1\PSoC Creator\psoc\content\cycomponentlibrary\CyComponentLibrary.cylib\BLE_v1_20\Library\gccCyBLEStack_BLE_SOC_PERIPHERAL.a(BT_os.o)
                              C:\Program Files (x86)\Cypress\PSoC Creator\3.1\PSoC Creator\psoc\content\cycomponentlibrary\CyComponentLibrary.cylib\BLE_v1_20\Library\gccCyBLEStack_BLE_SOC_PERIPHERAL.a(CyBleStackMgrIP_Interface.o) (bt_stack_init_os)
C:\Program Files (x86)\Cypress\PSoC Creator\3.1\PSoC Creator\psoc\content\cycomponentlibrary\CyComponentLibrary.cylib\BLE_v1_20\Library\gccCyBLEStack_BLE_SOC_PERIPHERAL.a(CyBleStackMgr_StackTaskHandler.o)
                              C:\Program Files (x86)\Cypress\PSoC Creator\3.1\PSoC Creator\psoc\content\cycomponentlibrary\CyComponentLibrary.cylib\BLE_v1_20\Library\gccCyBLEStack_BLE_SOC_PERIPHERAL.a(CyBleStackMgrIP_Interface.o) (CyBle_CreateBleStackTask)
C:\Program Files (x86)\Cypress\PSoC Creator\3.1\PSoC Creator\psoc\content\cycomponentlibrary\CyComponentLibrary.cylib\BLE_v1_20\Library\gccCyBLEStack_BLE_SOC_PERIPHERAL.a(transport_sf.o)
                              C:\Program Files (x86)\Cypress\PSoC Creator\3.1\PSoC Creator\psoc\content\cycomponentlibrary\CyComponentLibrary.cylib\BLE_v1_20\Library\gccCyBLEStack_BLE_SOC_PERIPHERAL.a(CyBleStackMgr_StackTaskHandler.o) (hci_soft_transport_notify_data_received)
C:\Program Files (x86)\Cypress\PSoC Creator\3.1\PSoC Creator\psoc\content\cycomponentlibrary\CyComponentLibrary.cylib\BLE_v1_20\Library\gccCyBLEStack_BLE_SOC_PERIPHERAL.a(CyBleStackMgr_PSoCHal.o)
                              C:\Program Files (x86)\Cypress\PSoC Creator\3.1\PSoC Creator\psoc\content\cycomponentlibrary\CyComponentLibrary.cylib\BLE_v1_20\Library\gccCyBLEStack_BLE_SOC_PERIPHERAL.a(CyBleStackMgrIP_Interface.o) (CyBleStackMgr_HalInit)
[...]
Memory Configuration

Name             Origin             Length             Attributes
rom              0x00000000         0x00020000         xr
ram              0x20000000         0x00004000         xrw
*default*        0x00000000         0xffffffff

Linker script and memory map

LOAD c:/program files (x86)/cypress/psoc creator/3.1/psoc creator/import/gnu_cs/arm/4.8.4/bin/../lib/gcc/arm-none-eabi/4.8.4/armv6-m/crti.o
LOAD c:/program files (x86)/cypress/psoc creator/3.1/psoc creator/import/gnu_cs/arm/4.8.4/bin/../lib/gcc/arm-none-eabi/4.8.4/armv6-m/crtbegin.o
LOAD c:/program files (x86)/cypress/psoc creator/3.1/psoc creator/import/gnu_cs/arm/4.8.4/bin/../lib/gcc/arm-none-eabi/4.8.4/../../../../arm-none-eabi/lib/armv6-m/crt0.o
START GROUP
LOAD .\CortexM0\ARM_GCC_484\Debug\main.o
LOAD .\CortexM0\ARM_GCC_484\Debug\BLEApplications.o
LOAD .\CortexM0\ARM_GCC_484\Debug\cymetadata.o
LOAD .\CortexM0\ARM_GCC_484\Debug\Cm0Start.o
LOAD .\CortexM0\ARM_GCC_484\Debug\PSOC_CapenseProximity.a
LOAD C:\Program Files (x86)\Cypress\PSoC Creator\3.1\PSoC Creator\psoc\content\cycomponentlibrary\CyComponentLibrary.cylib\BLE_v1_20\Library\gccCyBLEStack_BLE_SOC_PERIPHERAL.a
LOAD C:\Program Files (x86)\Cypress\PSoC Creator\3.1\PSoC Creator\psoc\content\cycomponentlibrary\CyComponentLibrary.cylib\CapSense_CSD_P4_v2_10\PSoC4\Library\CapsenseP4Library_GCC.a
LOAD C:\Program Files (x86)\Cypress\PSoC Creator\3.1\PSoC Creator\psoc\content\cycomponentlibrary\CyComponentLibrary.cylib\CortexM0\ARM_GCC_484\Debug\CyComponentLibrary.a
END GROUP
START GROUP
LOAD c:/program files (x86)/cypress/psoc creator/3.1/psoc creator/import/gnu_cs/arm/4.8.4/bin/../lib/gcc/arm-none-eabi/4.8.4/armv6-m\libgcc.a
LOAD c:/program files (x86)/cypress/psoc creator/3.1/psoc creator/import/gnu_cs/arm/4.8.4/bin/../lib/gcc/arm-none-eabi/4.8.4/../../../../arm-none-eabi/lib/armv6-m\libg_s.a
LOAD c:/program files (x86)/cypress/psoc creator/3.1/psoc creator/import/gnu_cs/arm/4.8.4/bin/../lib/gcc/arm-none-eabi/4.8.4/../../../../arm-none-eabi/lib/armv6-m\libc_s.a
END GROUP
START GROUP
LOAD c:/program files (x86)/cypress/psoc creator/3.1/psoc creator/import/gnu_cs/arm/4.8.4/bin/../lib/gcc/arm-none-eabi/4.8.4/armv6-m\libgcc.a
LOAD c:/program files (x86)/cypress/psoc creator/3.1/psoc creator/import/gnu_cs/arm/4.8.4/bin/../lib/gcc/arm-none-eabi/4.8.4/../../../../arm-none-eabi/lib/armv6-m\libc_s.a
END GROUP
LOAD c:/program files (x86)/cypress/psoc creator/3.1/psoc creator/import/gnu_cs/arm/4.8.4/bin/../lib/gcc/arm-none-eabi/4.8.4/armv6-m/crtend.o
LOAD c:/program files (x86)/cypress/psoc creator/3.1/psoc creator/import/gnu_cs/arm/4.8.4/bin/../lib/gcc/arm-none-eabi/4.8.4/armv6-m/crtn.o
START GROUP
LOAD c:/program files (x86)/cypress/psoc creator/3.1/psoc creator/import/gnu_cs/arm/4.8.4/bin/../lib/gcc/arm-none-eabi/4.8.4/armv6-m\libgcc.a
LOAD c:/program files (x86)/cypress/psoc creator/3.1/psoc creator/import/gnu_cs/arm/4.8.4/bin/../lib/gcc/arm-none-eabi/4.8.4/../../../../arm-none-eabi/lib/armv6-m\libc.a
LOAD c:/program files (x86)/cypress/psoc creator/3.1/psoc creator/import/gnu_cs/arm/4.8.4/bin/../lib/gcc/arm-none-eabi/4.8.4/../../../../arm-none-eabi/lib/armv6-m\libnosys.a
END GROUP
                0x00000000                CY_APPL_ORIGIN = 0x0
                0x00000080                CY_FLASH_ROW_SIZE = 0x80
                0x00000001                CY_APPL_NUM = 0x1
                0x00000040                CY_METADATA_SIZE = 0x40
                0x20002570                PROVIDE (__cy_heap_start, _end)
                0x00000001                PROVIDE (__cy_region_num, ((__cy_regions_end - __cy_regions) / 0x10))
                0x20004000                PROVIDE (__cy_stack, (ORIGIN (ram) + 0x4000))
                0x20003800                PROVIDE (__cy_heap_end, (__cy_stack - 0x800))

.cybootloader   0x00000000        0x0
 *(.cybootloader)
                0x00000000                appl1_start = CY_APPL_ORIGIN?CY_APPL_ORIGIN:ALIGN (CY_FLASH_ROW_SIZE)
                0x0000ff80                appl2_start = (appl1_start + ALIGN ((((0x20000 - appl1_start) - (0x2 * CY_FLASH_ROW_SIZE)) / 0x2), CY_FLASH_ROW_SIZE))
                0x00000000                appl_start = (CY_APPL_NUM == 0x1)?appl1_start:appl2_start

.text           0x00000000     0x2a88
 CREATE_OBJECT_SYMBOLS
                0x00000000                PROVIDE (__cy_interrupt_vector, RomVectors)
 *(.romvectors)
 .romvectors    0x00000000       0x10 .\CortexM0\ARM_GCC_484\Debug\Cm0Start.o
                0x00000000                RomVectors
                0x00000001                ASSERT ((. != __cy_interrupt_vector), No interrupt vector)
                0x00000001                ASSERT (CY_APPL_ORIGIN?(SIZEOF (.cybootloader) <= CY_APPL_ORIGIN):0x1, Wrong image location)
                0x00000010                PROVIDE (__cy_reset, Reset)
 *(.text.Reset)
 .text.Reset    0x00000010        0x8 .\CortexM0\ARM_GCC_484\Debug\Cm0Start.o
                0x00000010                Reset
                0x00000001                ASSERT ((. != __cy_reset), No reset code)
 *(.psocinit)
 .psocinit      0x00000018      0x2cc .\CortexM0\ARM_GCC_484\Debug\PSOC_CapenseProximity.a(cyfitter_cfg.o)
                0x000001b4                cyfitter_cfg
                0x000002e4                . = MAX (., 0x100)
 *(.text .text.* .gnu.linkonce.t.*)
 .text          0x000002e4       0x60 c:/program files (x86)/cypress/psoc creator/3.1/psoc creator/import/gnu_cs/arm/4.8.4/bin/../lib/gcc/arm-none-eabi/4.8.4/armv6-m/crtbegin.o
 .text.main     0x00000344       0x68 .\CortexM0\ARM_GCC_484\Debug\main.o
                0x00000344                main
 .text.InitializeSystem
                0x000003ac       0x28 .\CortexM0\ARM_GCC_484\Debug\main.o
                0x000003ac                InitializeSystem
 .text.HandleCapSenseProximity
                0x000003d4       0x58 .\CortexM0\ARM_GCC_484\Debug\main.o
                0x000003d4                HandleCapSenseProximity
 .text.CustomEventHandler
                0x0000042c       0xd4 .\CortexM0\ARM_GCC_484\Debug\BLEApplications.o
                0x0000042c                CustomEventHandler
 .text.SendDataOverCapSenseNotification
                0x00000500       0x48 .\CortexM0\ARM_GCC_484\Debug\BLEApplications.o
                0x00000500                SendDataOverCapSenseNotification
 .text.UpdateNotificationCCCD
                0x00000548       0x5c .\CortexM0\ARM_GCC_484\Debug\BLEApplications.o
                0x00000548                UpdateNotificationCCCD
 .text.HandleStatusLED
                0x000005a4       0xc4 .\CortexM0\ARM_GCC_484\Debug\BLEApplications.o
                0x000005a4                HandleStatusLED
 .text.IntDefaultHandler
                0x00000668        0x8 .\CortexM0\ARM_GCC_484\Debug\Cm0Start.o
                0x00000668                IntDefaultHandler
 .text.Start_c  0x00000670       0x98 .\CortexM0\ARM_GCC_484\Debug\Cm0Start.o
                0x00000670                Start_c
 .text.initialize_psoc
                0x00000708       0x70 .\CortexM0\ARM_GCC_484\Debug\Cm0Start.o
                0x00000708                initialize_psoc
 .text.CYMEMZERO
                0x00000778       0x20 .\CortexM0\ARM_GCC_484\Debug\PSOC_CapenseProximity.a(cyfitter_cfg.o)
 .text.cfg_write_bytes32
                0x00000798       0x80 .\CortexM0\ARM_GCC_484\Debug\PSOC_CapenseProximity.a(cyfitter_cfg.o)
 .text.AnalogSetDefault
                0x00000818       0x2c .\CortexM0\ARM_GCC_484\Debug\PSOC_CapenseProximity.a(cyfitter_cfg.o)
 .text.SetAnalogRoutingPumps
                0x00000844       0x70 .\CortexM0\ARM_GCC_484\Debug\PSOC_CapenseProximity.a(cyfitter_cfg.o)
                0x00000844                SetAnalogRoutingPumps
 .text.CyBle_Init
                0x000008b4       0x2c .\CortexM0\ARM_GCC_484\Debug\PSOC_CapenseProximity.a(BLE.o)
                0x000008b4                CyBle_Init
 .text.CyBle_ServiceInit
                0x000008e0        0x8 .\CortexM0\ARM_GCC_484\Debug\PSOC_CapenseProximity.a(BLE.o)
                0x000008e0                CyBle_ServiceInit
 .text.CyBle_Start
                0x000008e8       0x90 .\CortexM0\ARM_GCC_484\Debug\PSOC_CapenseProximity.a(BLE.o)
                0x000008e8                CyBle_Start
 .text.CyBle_GappStartAdvertisement
                0x00000978       0xc8 .\CortexM0\ARM_GCC_484\Debug\PSOC_CapenseProximity.a(BLE.o)
                0x00000978                CyBle_GappStartAdvertisement
 .text.CyBle_ChangeAdDeviceAddress
                0x00000a40       0x60 .\CortexM0\ARM_GCC_484\Debug\PSOC_CapenseProximity.a(BLE.o)
                0x00000a40                CyBle_ChangeAdDeviceAddress
 .text.CyBle_Get16ByPtr
                0x00000aa0       0x24 .\CortexM0\ARM_GCC_484\Debug\PSOC_CapenseProximity.a(BLE.o)
                0x00000aa0                CyBle_Get16ByPtr
 .text.CyBle_GattsWriteEventHandler
                0x00000ac4       0xa0 .\CortexM0\ARM_GCC_484\Debug\PSOC_CapenseProximity.a(BLE_gatt.o)
                0x00000ac4                CyBle_GattsWriteEventHandler
 .text.CyBle_WriteReqHandler
                0x00000b64       0x70 .\CortexM0\ARM_GCC_484\Debug\PSOC_CapenseProximity.a(BLE_eventHandler.o)
 .text.CyBle_ValueConfirmation
                0x00000bd4       0x10 .\CortexM0\ARM_GCC_484\Debug\PSOC_CapenseProximity.a(BLE_eventHandler.o)
 .text.CyBle_GattDisconnectEventHandler
                0x00000be4       0x18 .\CortexM0\ARM_GCC_484\Debug\PSOC_CapenseProximity.a(BLE_eventHandler.o)
 .text.CyBle_TimeOutEventHandler
                0x00000bfc       0x10 .\CortexM0\ARM_GCC_484\Debug\PSOC_CapenseProximity.a(BLE_eventHandler.o)
 .text.CyBle_GattConnectReqHandler
                0x00000c0c        0x8 .\CortexM0\ARM_GCC_484\Debug\PSOC_CapenseProximity.a(BLE_eventHandler.o)
 .text.CyBle_IsDeviceAddressValid
                0x00000c14       0x60 .\CortexM0\ARM_GCC_484\Debug\PSOC_CapenseProximity.a(BLE_eventHandler.o)
 .text.CyBle_L2Cap_ConnParamUpdateRspEventHandler
                0x00000c74       0x14 .\CortexM0\ARM_GCC_484\Debug\PSOC_CapenseProximity.a(BLE_eventHandler.o)
 .text.CyBle_GapConnUpdateCompleteEventHandler
                0x00000c88       0x10 .\CortexM0\ARM_GCC_484\Debug\PSOC_CapenseProximity.a(BLE_eventHandler.o)
 .text.CyBle_EventHandler
                0x00000c98      0x2bc .\CortexM0\ARM_GCC_484\Debug\PSOC_CapenseProximity.a(BLE_eventHandler.o)
                0x00000c98                CyBle_EventHandler
 .text.CapSense_Init
                0x00000f54       0x3c .\CortexM0\ARM_GCC_484\Debug\PSOC_CapenseProximity.a(CapSense.o)
                0x00000f54                CapSense_Init
 .text.CapSense_CsdHwBlockInit
                0x00000f90       0xbc .\CortexM0\ARM_GCC_484\Debug\PSOC_CapenseProximity.a(CapSense.o)
                0x00000f90                CapSense_CsdHwBlockInit
 .text.CapSense_Enable
                0x0000104c       0x54 .\CortexM0\ARM_GCC_484\Debug\PSOC_CapenseProximity.a(CapSense.o)
                0x0000104c                CapSense_Enable
 .text.CapSense_Start
                0x000010a0       0x44 .\CortexM0\ARM_GCC_484\Debug\PSOC_CapenseProximity.a(CapSense.o)
                0x000010a0                CapSense_Start
 .text.CapSense_FindNextSensor
                0x000010e4       0x48 .\CortexM0\ARM_GCC_484\Debug\PSOC_CapenseProximity.a(CapSense.o)
                0x000010e4                CapSense_FindNextSensor
 .text.CapSense_ScanSensor
                0x0000112c       0x34 .\CortexM0\ARM_GCC_484\Debug\PSOC_CapenseProximity.a(CapSense.o)
                0x0000112c                CapSense_ScanSensor
 .text.CapSense_ScanWidget
                0x00001160       0xdc .\CortexM0\ARM_GCC_484\Debug\PSOC_CapenseProximity.a(CapSense.o)
                0x00001160                CapSense_ScanWidget
 .text.CapSense_IsBusy
                0x0000123c       0x1c .\CortexM0\ARM_GCC_484\Debug\PSOC_CapenseProximity.a(CapSense.o)
                0x0000123c                CapSense_IsBusy
 .text.CapSense_ReadSensorRaw
                0x00001258       0x1c .\CortexM0\ARM_GCC_484\Debug\PSOC_CapenseProximity.a(CapSense.o)
                0x00001258                CapSense_ReadSensorRaw
 .text.CapSense_ClearSensors
                0x00001274       0x28 .\CortexM0\ARM_GCC_484\Debug\PSOC_CapenseProximity.a(CapSense.o)
                0x00001274                CapSense_ClearSensors
 .text.CapSense_EnableSensor
                0x0000129c       0xb4 .\CortexM0\ARM_GCC_484\Debug\PSOC_CapenseProximity.a(CapSense.o)
                0x0000129c                CapSense_EnableSensor
 .text.CapSense_DisableSensor
                0x00001350      0x100 .\CortexM0\ARM_GCC_484\Debug\PSOC_CapenseProximity.a(CapSense.o)
                0x00001350                CapSense_DisableSensor
 .text.CapSense_PreScan
                0x00001450      0x1c8 .\CortexM0\ARM_GCC_484\Debug\PSOC_CapenseProximity.a(CapSense.o)
                0x00001450                CapSense_PreScan
 .text.CapSense_PostScan
                0x00001618       0xbc .\CortexM0\ARM_GCC_484\Debug\PSOC_CapenseProximity.a(CapSense.o)
                0x00001618                CapSense_PostScan
 .text.CapSense_SetShieldDelay
                0x000016d4       0x30 .\CortexM0\ARM_GCC_484\Debug\PSOC_CapenseProximity.a(CapSense.o)
                0x000016d4                CapSense_SetShieldDelay
 .text.CapSense_GetBitValue
                0x00001704       0x44 .\CortexM0\ARM_GCC_484\Debug\PSOC_CapenseProximity.a(CapSense.o)
                0x00001704                CapSense_GetBitValue
 .text.CapSense_SetBitValue
                0x00001748       0x68 .\CortexM0\ARM_GCC_484\Debug\PSOC_CapenseProximity.a(CapSense.o)
                0x00001748                CapSense_SetBitValue
 .text.CapSense_GetSensorRaw
                0x000017b0       0x50 .\CortexM0\ARM_GCC_484\Debug\PSOC_CapenseProximity.a(CapSense.o)
                0x000017b0                CapSense_GetSensorRaw
 .text.CapSense_BaseInit
                0x00001800       0x84 .\CortexM0\ARM_GCC_484\Debug\PSOC_CapenseProximity.a(CapSense_CSHL.o)
                0x00001800                CapSense_BaseInit
 .text.CapSense_InitializeSensorBaseline
                0x00001884       0x2c .\CortexM0\ARM_GCC_484\Debug\PSOC_CapenseProximity.a(CapSense_CSHL.o)
                0x00001884                CapSense_InitializeSensorBaseline
 .text.CapSense_InitializeAllBaselines
                0x000018b0       0x28 .\CortexM0\ARM_GCC_484\Debug\PSOC_CapenseProximity.a(CapSense_CSHL.o)
                0x000018b0                CapSense_InitializeAllBaselines
 .text.CapSense_UpdateBaselineNoThreshold
                0x000018d8      0x228 .\CortexM0\ARM_GCC_484\Debug\PSOC_CapenseProximity.a(CapSense_CSHL.o)
                0x000018d8                CapSense_UpdateBaselineNoThreshold
 .text.CapSense_UpdateSensorBaseline
                0x00001b00       0x20 .\CortexM0\ARM_GCC_484\Debug\PSOC_CapenseProximity.a(CapSense_CSHL.o)
                0x00001b00                CapSense_UpdateSensorBaseline
 .text.CapSense_UpdateEnabledBaselines
                0x00001b20       0x40 .\CortexM0\ARM_GCC_484\Debug\PSOC_CapenseProximity.a(CapSense_CSHL.o)
                0x00001b20                CapSense_UpdateEnabledBaselines
 .text.CapSense_GetDiffCountData
                0x00001b60       0x1c .\CortexM0\ARM_GCC_484\Debug\PSOC_CapenseProximity.a(CapSense_CSHL.o)
                0x00001b60                CapSense_GetDiffCountData
 .text.CapSense_EnableWidget
                0x00001b7c       0x5c .\CortexM0\ARM_GCC_484\Debug\PSOC_CapenseProximity.a(CapSense_CSHL.o)
                0x00001b7c                CapSense_EnableWidget
 .text.CapSense_IIR4Filter
                0x00001bd8       0x3c .\CortexM0\ARM_GCC_484\Debug\PSOC_CapenseProximity.a(CapSense_CSHL.o)
                0x00001bd8                CapSense_IIR4Filter
 .text.CapSense_ISR
                0x00001c14       0xd4 .\CortexM0\ARM_GCC_484\Debug\PSOC_CapenseProximity.a(CapSense_INT.o)
                0x00001c14                CapSense_ISR
 .text.CapSense_AutoTune
                0x00001ce8       0xf4 .\CortexM0\ARM_GCC_484\Debug\PSOC_CapenseProximity.a(CapSense_SMS.o)
                0x00001ce8                CapSense_AutoTune
 .text.CapSense_UpdateThresholds
                0x00001ddc       0x70 .\CortexM0\ARM_GCC_484\Debug\PSOC_CapenseProximity.a(CapSense_SMS.o)
                0x00001ddc                CapSense_UpdateThresholds
 .text.CapSense_SetAnalogSwitchesSrcDirect
                0x00001e4c       0x18 .\CortexM0\ARM_GCC_484\Debug\PSOC_CapenseProximity.a(CapSense_SMS.o)
                0x00001e4c                CapSense_SetAnalogSwitchesSrcDirect
 .text.CapSense_DisableBaselineIDAC
                0x00001e64       0x34 .\CortexM0\ARM_GCC_484\Debug\PSOC_CapenseProximity.a(CapSense_SMS.o)
                0x00001e64                CapSense_DisableBaselineIDAC
 .text.CapSense_EnableBaselineIDAC
                0x00001e98       0x8c .\CortexM0\ARM_GCC_484\Debug\PSOC_CapenseProximity.a(CapSense_SMS.o)
                0x00001e98                CapSense_EnableBaselineIDAC
 .text.Status_LED_Write
                0x00001f24       0x4c .\CortexM0\ARM_GCC_484\Debug\PSOC_CapenseProximity.a(Status_LED.o)
                0x00001f24                Status_LED_Write
 .text.Status_LED_SetDriveMode
                0x00001f70       0x30 .\CortexM0\ARM_GCC_484\Debug\PSOC_CapenseProximity.a(Status_LED.o)
                0x00001f70                Status_LED_SetDriveMode
 .text.Status_LED_Read
                0x00001fa0       0x1c .\CortexM0\ARM_GCC_484\Debug\PSOC_CapenseProximity.a(Status_LED.o)
                0x00001fa0                Status_LED_Read
 .text.CapSense_SampleClk_StartEx
                0x00001fbc       0x2c .\CortexM0\ARM_GCC_484\Debug\PSOC_CapenseProximity.a(CapSense_SampleClk.o)
                0x00001fbc                CapSense_SampleClk_StartEx
 .text.CapSense_SampleClk_Stop
                0x00001fe8       0x20 .\CortexM0\ARM_GCC_484\Debug\PSOC_CapenseProximity.a(CapSense_SampleClk.o)
                0x00001fe8                CapSense_SampleClk_Stop
 .text.CapSense_SampleClk_SetFractionalDividerRegister
                0x00002008       0x44 .\CortexM0\ARM_GCC_484\Debug\PSOC_CapenseProximity.a(CapSense_SampleClk.o)
                0x00002008                CapSense_SampleClk_SetFractionalDividerRegister
 .text.CapSense_SenseClk_StartEx
                0x0000204c       0x2c .\CortexM0\ARM_GCC_484\Debug\PSOC_CapenseProximity.a(CapSense_SenseClk.o)
                0x0000204c                CapSense_SenseClk_StartEx
 .text.CapSense_SenseClk_Stop
                0x00002078       0x20 .\CortexM0\ARM_GCC_484\Debug\PSOC_CapenseProximity.a(CapSense_SenseClk.o)
                0x00002078                CapSense_SenseClk_Stop
 .text.CapSense_SenseClk_SetFractionalDividerRegister
                0x00002098       0x44 .\CortexM0\ARM_GCC_484\Debug\PSOC_CapenseProximity.a(CapSense_SenseClk.o)
                0x00002098                CapSense_SenseClk_SetFractionalDividerRegister
 *fill*         0x000020dc        0x4 
 .text          0x000020e0       0x20 .\CortexM0\ARM_GCC_484\Debug\PSOC_CapenseProximity.a(CyBootAsmGnu.o)
                0x000020e0                CyDelayCycles
                0x000020f2                CyEnterCriticalSection
                0x000020fa                CyExitCriticalSection
 .text.CySysClkWcoSetHighPowerMode
                0x00002100       0x3c .\CortexM0\ARM_GCC_484\Debug\PSOC_CapenseProximity.a(CyLib.o)
 .text.CySysClkWcoSetLowPowerMode
                0x0000213c       0x48 .\CortexM0\ARM_GCC_484\Debug\PSOC_CapenseProximity.a(CyLib.o)
 .text.CySysClkEcoStart
                0x00002184       0x74 .\CortexM0\ARM_GCC_484\Debug\PSOC_CapenseProximity.a(CyLib.o)
                0x00002184                CySysClkEcoStart
 .text.CySysClkEcoReadStatus
                0x000021f8       0x18 .\CortexM0\ARM_GCC_484\Debug\PSOC_CapenseProximity.a(CyLib.o)
                0x000021f8                CySysClkEcoReadStatus
 .text.CySysClkWcoStart
                0x00002210       0x20 .\CortexM0\ARM_GCC_484\Debug\PSOC_CapenseProximity.a(CyLib.o)
                0x00002210                CySysClkWcoStart
 .text.CySysClkWcoSetPowerMode
                0x00002230       0x40 .\CortexM0\ARM_GCC_484\Debug\PSOC_CapenseProximity.a(CyLib.o)
                0x00002230                CySysClkWcoSetPowerMode
 .text.CyIntSetVector
                0x00002270       0x4c .\CortexM0\ARM_GCC_484\Debug\PSOC_CapenseProximity.a(CyLib.o)
                0x00002270                CyIntSetVector
 .text.CyIntSetPriority
                0x000022bc       0xa8 .\CortexM0\ARM_GCC_484\Debug\PSOC_CapenseProximity.a(CyLib.o)
                0x000022bc                CyIntSetPriority
 .text.CyIntEnable
                0x00002364       0x2c .\CortexM0\ARM_GCC_484\Debug\PSOC_CapenseProximity.a(CyLib.o)
                0x00002364                CyIntEnable
 .text.CyIntDisable
                0x00002390       0x2c .\CortexM0\ARM_GCC_484\Debug\PSOC_CapenseProximity.a(CyLib.o)
                0x00002390                CyIntDisable
 .text.CyHalt   0x000023bc       0x14 .\CortexM0\ARM_GCC_484\Debug\PSOC_CapenseProximity.a(CyLib.o)
                0x000023bc                CyHalt
 .text.CyDelay  0x000023d0       0x48 .\CortexM0\ARM_GCC_484\Debug\PSOC_CapenseProximity.a(CyLib.o)
                0x000023d0                CyDelay
 .text.CyDelayUs
                0x00002418       0x28 .\CortexM0\ARM_GCC_484\Debug\PSOC_CapenseProximity.a(CyLib.o)
                0x00002418                CyDelayUs
 .text.CalibrateOneDAC_P4_v2_10
                0x00002440       0x44 C:\Program Files (x86)\Cypress\PSoC Creator\3.1\PSoC Creator\psoc\content\cycomponentlibrary\CyComponentLibrary.cylib\CapSense_CSD_P4_v2_10\PSoC4\Library\CapsenseP4Library_GCC.a(CSD_P4_SmartSense_v2_10.o)
                0x00002440                CalibrateOneDAC_P4_v2_10
 .text.CalibrateSensors_P4_v2_10
                0x00002484       0x22 C:\Program Files (x86)\Cypress\PSoC Creator\3.1\PSoC Creator\psoc\content\cycomponentlibrary\CyComponentLibrary.cylib\CapSense_CSD_P4_v2_10\PSoC4\Library\CapsenseP4Library_GCC.a(CSD_P4_SmartSense_v2_10.o)
                0x00002484                CalibrateSensors_P4_v2_10
 *fill*         0x000024a6        0x2 
 .text.TunePrescalers_P4_v2_10
                0x000024a8       0x48 C:\Program Files (x86)\Cypress\PSoC Creator\3.1\PSoC Creator\psoc\content\cycomponentlibrary\CyComponentLibrary.cylib\CapSense_CSD_P4_v2_10\PSoC4\Library\CapsenseP4Library_GCC.a(CSD_P4_SmartSense_v2_10.o)
                0x000024a8                TunePrescalers_P4_v2_10
 .text.TuneSensitivity_P4_v2_10
                0x000024f0      0x100 C:\Program Files (x86)\Cypress\PSoC Creator\3.1\PSoC Creator\psoc\content\cycomponentlibrary\CyComponentLibrary.cylib\CapSense_CSD_P4_v2_10\PSoC4\Library\CapsenseP4Library_GCC.a(CSD_P4_SmartSense_v2_10.o)
                0x000024f0                TuneSensitivity_P4_v2_10
 .text.MeasureNoiseEnvelope_P4_v2_10
                0x000025f0      0x118 C:\Program Files (x86)\Cypress\PSoC Creator\3.1\PSoC Creator\psoc\content\cycomponentlibrary\CyComponentLibrary.cylib\CapSense_CSD_P4_v2_10\PSoC4\Library\CapsenseP4Library_GCC.a(CSD_P4_SmartSense_v2_10.o)
                0x000025f0                MeasureNoiseEnvelope_P4_v2_10
 .text.CyBLE_Bless_LlRegWrite
                0x00002708       0x1c .\CortexM0\ARM_GCC_484\Debug\PSOC_CapenseProximity.a(BLE_HAL_PVT.o)
                0x00002708                CyBLE_Bless_LlRegWrite
 .text.CyBLE_Bless_RfRegWrite
                0x00002724       0x1c .\CortexM0\ARM_GCC_484\Debug\PSOC_CapenseProximity.a(BLE_HAL_PVT.o)
                0x00002724                CyBLE_Bless_RfRegWrite
 .text.CyBleHal_DelayUs
                0x00002740       0x1c .\CortexM0\ARM_GCC_484\Debug\PSOC_CapenseProximity.a(BLE_HAL_PVT.o)
                0x00002740                CyBleHal_DelayUs
 .text.CyBleHal_EnableGlobalInterrupts
                0x0000275c        0xc .\CortexM0\ARM_GCC_484\Debug\PSOC_CapenseProximity.a(BLE_HAL_PVT.o)
                0x0000275c                CyBleHal_EnableGlobalInterrupts
 .text.CyBleHal_DisableGlobalInterrupts
                0x00002768        0xc .\CortexM0\ARM_GCC_484\Debug\PSOC_CapenseProximity.a(BLE_HAL_PVT.o)
                0x00002768                CyBleHal_DisableGlobalInterrupts
 .text.CyBle_HalInit
                0x00002774       0x20 .\CortexM0\ARM_GCC_484\Debug\PSOC_CapenseProximity.a(BLE_HAL_PVT.o)
                0x00002774                CyBle_HalInit
 .text.CYBLE_BlessStart
                0x00002794       0x14 .\CortexM0\ARM_GCC_484\Debug\PSOC_CapenseProximity.a(BLE_HAL_PVT.o)
                0x00002794                CYBLE_BlessStart
 .text.BLE_bless_isr_StartEx
                0x000027a8       0x24 .\CortexM0\ARM_GCC_484\Debug\PSOC_CapenseProximity.a(BLE_bless_isr.o)
                0x000027a8                BLE_bless_isr_StartEx
 .text.BLE_bless_isr_SetVector
                0x000027cc       0x18 .\CortexM0\ARM_GCC_484\Debug\PSOC_CapenseProximity.a(BLE_bless_isr.o)
                0x000027cc                BLE_bless_isr_SetVector
 .text.BLE_bless_isr_SetPriority
                0x000027e4       0x50 .\CortexM0\ARM_GCC_484\Debug\PSOC_CapenseProximity.a(BLE_bless_isr.o)
                0x000027e4                BLE_bless_isr_SetPriority
 .text.BLE_bless_isr_Enable
                0x00002834       0x14 .\CortexM0\ARM_GCC_484\Debug\PSOC_CapenseProximity.a(BLE_bless_isr.o)
                0x00002834                BLE_bless_isr_Enable
 .text.BLE_bless_isr_Disable
                0x00002848       0x14 .\CortexM0\ARM_GCC_484\Debug\PSOC_CapenseProximity.a(BLE_bless_isr.o)
                0x00002848                BLE_bless_isr_Disable
 .text.CySysPmSleep
                0x0000285c       0x34 .\CortexM0\ARM_GCC_484\Debug\PSOC_CapenseProximity.a(cyPm.o)
                0x0000285c                CySysPmSleep
 .text.CyBLE_Bless_Interrupt
                0x00002890        0xc .\CortexM0\ARM_GCC_484\Debug\PSOC_CapenseProximity.a(BLE_HAL_INT.o)
                0x00002890                CyBLE_Bless_Interrupt
 .text          0x0000289c       0x9c c:/program files (x86)/cypress/psoc creator/3.1/psoc creator/import/gnu_cs/arm/4.8.4/bin/../lib/gcc/arm-none-eabi/4.8.4/armv6-m\libgcc.a(_udivsi3.o)
                0x0000289c                __aeabi_uidiv
                0x0000289c                __udivsi3
                0x00002924                __aeabi_uidivmod
 .text          0x00002938       0xc0 c:/program files (x86)/cypress/psoc creator/3.1/psoc creator/import/gnu_cs/arm/4.8.4/bin/../lib/gcc/arm-none-eabi/4.8.4/armv6-m\libgcc.a(_divsi3.o)
                0x00002938                __divsi3
                0x00002938                __aeabi_idiv
                0x000029e4                __aeabi_idivmod
 .text          0x000029f8        0x4 c:/program files (x86)/cypress/psoc creator/3.1/psoc creator/import/gnu_cs/arm/4.8.4/bin/../lib/gcc/arm-none-eabi/4.8.4/armv6-m\libgcc.a(_dvmd_tls.o)
                0x000029f8                __aeabi_idiv0
                0x000029f8                __aeabi_ldiv0
 .text.__libc_init_array
                0x000029fc       0x4c c:/program files (x86)/cypress/psoc creator/3.1/psoc creator/import/gnu_cs/arm/4.8.4/bin/../lib/gcc/arm-none-eabi/4.8.4/../../../../arm-none-eabi/lib/armv6-m\libg_s.a(lib_a-init.o)
                0x000029fc                __libc_init_array
 .text.memcmp   0x00002a48       0x1e c:/program files (x86)/cypress/psoc creator/3.1/psoc creator/import/gnu_cs/arm/4.8.4/bin/../lib/gcc/arm-none-eabi/4.8.4/../../../../arm-none-eabi/lib/armv6-m\libg_s.a(lib_a-memcmp.o)
                0x00002a48                memcmp
 .text.memcpy   0x00002a66       0x12 c:/program files (x86)/cypress/psoc creator/3.1/psoc creator/import/gnu_cs/arm/4.8.4/bin/../lib/gcc/arm-none-eabi/4.8.4/../../../../arm-none-eabi/lib/armv6-m\libg_s.a(lib_a-memcpy-stub.o)
                0x00002a66                memcpy
 .text.memset   0x00002a78       0x10 c:/program files (x86)/cypress/psoc creator/3.1/psoc creator/import/gnu_cs/arm/4.8.4/bin/../lib/gcc/arm-none-eabi/4.8.4/../../../../arm-none-eabi/lib/armv6-m\libg_s.a(lib_a-memset.o)
                0x00002a78                memset
 *(.plt)
 *(.gnu.warning)
 *(.glue_7t)
 .glue_7t       0x00000000        0x0 linker stubs
 *(.glue_7)
 .glue_7        0x00000000        0x0 linker stubs
 *(.vfp11_veneer)
 .vfp11_veneer  0x00000000        0x0 linker stubs
 *(.bootloader)
 *(.ARM.extab* .gnu.linkonce.armextab.*)
 *(.gcc_except_table)

.v4_bx          0x00002a88        0x0
 .v4_bx         0x00000000        0x0 linker stubs

.iplt           0x00002a88        0x0
 .iplt          0x00000000        0x0 c:/program files (x86)/cypress/psoc creator/3.1/psoc creator/import/gnu_cs/arm/4.8.4/bin/../lib/gcc/arm-none-eabi/4.8.4/armv6-m/crtbegin.o

i.CyBle_ExitLPM
                0x00002a88        0x8
 i.CyBle_ExitLPM
                0x00002a88        0x8 C:\Program Files (x86)\Cypress\PSoC Creator\3.1\PSoC Creator\psoc\content\cycomponentlibrary\CyComponentLibrary.cylib\BLE_v1_20\Library\gccCyBLEStack_BLE_SOC_PERIPHERAL.a(CyBle.o)
                0x00002a88                CyBle_ExitLPM

i.CyBle_ProcessEvents
                0x00002a90        0x8
 i.CyBle_ProcessEvents
                0x00002a90        0x8 C:\Program Files (x86)\Cypress\PSoC Creator\3.1\PSoC Creator\psoc\content\cycomponentlibrary\CyComponentLibrary.cylib\BLE_v1_20\Library\gccCyBLEStack_BLE_SOC_PERIPHERAL.a(CyBle.o)
                0x00002a90                CyBle_ProcessEvents

i.CyBle_SetDeviceAddress
                0x00002a98       0x24
 i.CyBle_SetDeviceAddress
                0x00002a98       0x24 C:\Program Files (x86)\Cypress\PSoC Creator\3.1\PSoC Creator\psoc\content\cycomponentlibrary\CyComponentLibrary.cylib\BLE_v1_20\Library\gccCyBLEStack_BLE_SOC_PERIPHERAL.a(CyBle.o)
                0x00002a98                CyBle_SetDeviceAddress

i.CyBle_StackInit
                0x00002abc       0x84
 i.CyBle_StackInit
                0x00002abc       0x84 C:\Program Files (x86)\Cypress\PSoC Creator\3.1\PSoC Creator\psoc\content\cycomponentlibrary\CyComponentLibrary.cylib\BLE_v1_20\Library\gccCyBLEStack_BLE_SOC_PERIPHERAL.a(CyBle.o)
                0x00002abc                CyBle_StackInit

i.CyBleStackMgr_BleGetConfigData
                0x00002b40        0x4
 i.CyBleStackMgr_BleGetConfigData
                0x00002b40        0x4 C:\Program Files (x86)\Cypress\PSoC Creator\3.1\PSoC Creator\psoc\content\cycomponentlibrary\CyComponentLibrary.cylib\BLE_v1_20\Library\gccCyBLEStack_BLE_SOC_PERIPHERAL.a(CyBleStackMgrIP_Interface.o)
                0x00002b40                CyBleStackMgr_BleGetConfigData

i.CyBleStackMgr_BleSetConfigData
                0x00002b44        0x4
 i.CyBleStackMgr_BleSetConfigData
                0x00002b44        0x4 C:\Program Files (x86)\Cypress\PSoC Creator\3.1\PSoC Creator\psoc\content\cycomponentlibrary\CyComponentLibrary.cylib\BLE_v1_20\Library\gccCyBLEStack_BLE_SOC_PERIPHERAL.a(CyBleStackMgrIP_Interface.o)
                0x00002b44                CyBleStackMgr_BleSetConfigData

i.CyBleStackMgr_Init
                0x00002b48      0x104
 i.CyBleStackMgr_Init
                0x00002b48      0x104 C:\Program Files (x86)\Cypress\PSoC Creator\3.1\PSoC Creator\psoc\content\cycomponentlibrary\CyComponentLibrary.cylib\BLE_v1_20\Library\gccCyBLEStack_BLE_SOC_PERIPHERAL.a(CyBleStackMgrIP_Interface.o)
                0x00002b48                CyBleStackMgr_Init

i.CyBleStackMgr_ProcessBleEvents
                0x00002c4c       0x14
 i.CyBleStackMgr_ProcessBleEvents
                0x00002c4c       0x14 C:\Program Files (x86)\Cypress\PSoC Creator\3.1\PSoC Creator\psoc\content\cycomponentlibrary\CyComponentLibrary.cylib\BLE_v1_20\Library\gccCyBLEStack_BLE_SOC_PERIPHERAL.a(CyBleStackMgrIP_Interface.o)
                0x00002c4c                CyBleStackMgr_ProcessBleEvents

i.ble_stack_idle_task_callback
                0x00002c60        0x2
 i.ble_stack_idle_task_callback
                0x00002c60        0x2 C:\Program Files (x86)\Cypress\PSoC Creator\3.1\PSoC Creator\psoc\content\cycomponentlibrary\CyComponentLibrary.cylib\BLE_v1_20\Library\gccCyBLEStack_BLE_SOC_PERIPHERAL.a(CyBleStackMgrIP_Interface.o)
                0x00002c60                ble_stack_idle_task_callback

i.BT_OSFreeBuf  0x00002c64       0x18
 i.BT_OSFreeBuf
                0x00002c64       0x18 C:\Program Files (x86)\Cypress\PSoC Creator\3.1\PSoC Creator\psoc\content\cycomponentlibrary\CyComponentLibrary.cylib\BLE_v1_20\Library\gccCyBLEStack_BLE_SOC_PERIPHERAL.a(BT_os.o)
                0x00002c64                BT_OSFreeBuf

i.BT_OSGetBuF   0x00002c7c       0x1c
 i.BT_OSGetBuF  0x00002c7c       0x1c C:\Program Files (x86)\Cypress\PSoC Creator\3.1\PSoC Creator\psoc\content\cycomponentlibrary\CyComponentLibrary.cylib\BLE_v1_20\Library\gccCyBLEStack_BLE_SOC_PERIPHERAL.a(BT_os.o)
                0x00002c7c                BT_OSGetBuF

i.BT_OSMemCreate
                0x00002c98       0x1c
 i.BT_OSMemCreate
                0x00002c98       0x1c C:\Program Files (x86)\Cypress\PSoC Creator\3.1\PSoC Creator\psoc\content\cycomponentlibrary\CyComponentLibrary.cylib\BLE_v1_20\Library\gccCyBLEStack_BLE_SOC_PERIPHERAL.a(BT_os.o)
                0x00002c98                BT_OSMemCreate

i.BT_alloc_mem_ext
                0x00002cb4       0x34
 i.BT_alloc_mem_ext
                0x00002cb4       0x34 C:\Program Files (x86)\Cypress\PSoC Creator\3.1\PSoC Creator\psoc\content\cycomponentlibrary\CyComponentLibrary.cylib\BLE_v1_20\Library\gccCyBLEStack_BLE_SOC_PERIPHERAL.a(BT_os.o)
                0x00002cb4                BT_alloc_mem_ext

i.BT_free_mem   0x00002ce8        0xc
 i.BT_free_mem  0x00002ce8        0xc C:\Program Files (x86)\Cypress\PSoC Creator\3.1\PSoC Creator\psoc\content\cycomponentlibrary\CyComponentLibrary.cylib\BLE_v1_20\Library\gccCyBLEStack_BLE_SOC_PERIPHERAL.a(BT_os.o)
                0x00002ce8                BT_free_mem

i.bt_stack_init_os
                0x00002cf4       0x34
 i.bt_stack_init_os
                0x00002cf4       0x34 C:\Program Files (x86)\Cypress\PSoC Creator\3.1\PSoC Creator\psoc\content\cycomponentlibrary\CyComponentLibrary.cylib\BLE_v1_20\Library\gccCyBLEStack_BLE_SOC_PERIPHERAL.a(BT_os.o)
                0x00002cf4                bt_stack_init_os

i.CyBle_CheckBleStackTaskStatus
                0x00002d28        0x4
 i.CyBle_CheckBleStackTaskStatus
                0x00002d28        0x4 C:\Program Files (x86)\Cypress\PSoC Creator\3.1\PSoC Creator\psoc\content\cycomponentlibrary\CyComponentLibrary.cylib\BLE_v1_20\Library\gccCyBLEStack_BLE_SOC_PERIPHERAL.a(CyBleStackMgr_StackTaskHandler.o)
                0x00002d28                CyBle_CheckBleStackTaskStatus

i.CyBle_CreateBleStackTask
                0x00002d2c       0x2c
 i.CyBle_CreateBleStackTask
                0x00002d2c       0x2c C:\Program Files (x86)\Cypress\PSoC Creator\3.1\PSoC Creator\psoc\content\cycomponentlibrary\CyComponentLibrary.cylib\BLE_v1_20\Library\gccCyBLEStack_BLE_SOC_PERIPHERAL.a(CyBleStackMgr_StackTaskHandler.o)
                0x00002d2c                CyBle_CreateBleStackTask

i.CyBle_SignalBleStackTask
                0x00002d58       0x50
 i.CyBle_SignalBleStackTask
                0x00002d58       0x50 C:\Program Files (x86)\Cypress\PSoC Creator\3.1\PSoC Creator\psoc\content\cycomponentlibrary\CyComponentLibrary.cylib\BLE_v1_20\Library\gccCyBLEStack_BLE_SOC_PERIPHERAL.a(CyBleStackMgr_StackTaskHandler.o)
                0x00002d58                CyBle_SignalBleStackTask

i.CyBle_StackTaskHandler
                0x00002da8       0x5c
 i.CyBle_StackTaskHandler
                0x00002da8       0x5c C:\Program Files (x86)\Cypress\PSoC Creator\3.1\PSoC Creator\psoc\content\cycomponentlibrary\CyComponentLibrary.cylib\BLE_v1_20\Library\gccCyBLEStack_BLE_SOC_PERIPHERAL.a(CyBleStackMgr_StackTaskHandler.o)
                0x00002da8                CyBle_StackTaskHandler

i.__ARM_common_switch8
                0x00002e04       0x1a
 i.__ARM_common_switch8
                0x00002e04       0x1a C:\Program Files (x86)\Cypress\PSoC Creator\3.1\PSoC Creator\psoc\content\cycomponentlibrary\CyComponentLibrary.cylib\BLE_v1_20\Library\gccCyBLEStack_BLE_SOC_PERIPHERAL.a(CyBleStackMgr_StackTaskHandler.o)
                0x00002e04                __ARM_common_switch8

i.hci_soft_transport_notify_data_received
                0x00002e20        0xc
 i.hci_soft_transport_notify_data_received
                0x00002e20        0xc C:\Program Files (x86)\Cypress\PSoC Creator\3.1\PSoC Creator\psoc\content\cycomponentlibrary\CyComponentLibrary.cylib\BLE_v1_20\Library\gccCyBLEStack_BLE_SOC_PERIPHERAL.a(transport_sf.o)
                0x00002e20                hci_soft_transport_notify_data_received

i.hci_soft_transport_rx_data
                0x00002e2c       0x40
 i.hci_soft_transport_rx_data
                0x00002e2c       0x40 C:\Program Files (x86)\Cypress\PSoC Creator\3.1\PSoC Creator\psoc\content\cycomponentlibrary\CyComponentLibrary.cylib\BLE_v1_20\Library\gccCyBLEStack_BLE_SOC_PERIPHERAL.a(transport_sf.o)
                0x00002e2c                hci_soft_transport_rx_data

i.hci_transport_bt_init
                0x00002e6c        0x2
 i.hci_transport_bt_init
                0x00002e6c        0x2 C:\Program Files (x86)\Cypress\PSoC Creator\3.1\PSoC Creator\psoc\content\cycomponentlibrary\CyComponentLibrary.cylib\BLE_v1_20\Library\gccCyBLEStack_BLE_SOC_PERIPHERAL.a(transport_sf.o)
                0x00002e6c                hci_transport_bt_init

i.hci_transport_init
                0x00002e70       0x10
 i.hci_transport_init
                0x00002e70       0x10 C:\Program Files (x86)\Cypress\PSoC Creator\3.1\PSoC Creator\psoc\content\cycomponentlibrary\CyComponentLibrary.cylib\BLE_v1_20\Library\gccCyBLEStack_BLE_SOC_PERIPHERAL.a(transport_sf.o)
                0x00002e70                hci_transport_init

i.hci_transport_write_data
                0x00002e80       0xd4
 i.hci_transport_write_data
                0x00002e80       0xd4 C:\Program Files (x86)\Cypress\PSoC Creator\3.1\PSoC Creator\psoc\content\cycomponentlibrary\CyComponentLibrary.cylib\BLE_v1_20\Library\gccCyBLEStack_BLE_SOC_PERIPHERAL.a(transport_sf.o)
                0x00002e80                hci_transport_write_data

i.pf_hci_soft_transport_write
                0x00002f54       0x44
 i.pf_hci_soft_transport_write
                0x00002f54       0x44 C:\Program Files (x86)\Cypress\PSoC Creator\3.1\PSoC Creator\psoc\content\cycomponentlibrary\CyComponentLibrary.cylib\BLE_v1_20\Library\gccCyBLEStack_BLE_SOC_PERIPHERAL.a(transport_sf.o)
                0x00002f54                pf_hci_soft_transport_write

i.pf_soft_hci_transport_init
                0x00002f98        0xc
 i.pf_soft_hci_transport_init
                0x00002f98        0xc C:\Program Files (x86)\Cypress\PSoC Creator\3.1\PSoC Creator\psoc\content\cycomponentlibrary\CyComponentLibrary.cylib\BLE_v1_20\Library\gccCyBLEStack_BLE_SOC_PERIPHERAL.a(transport_sf.o)
                0x00002f98                pf_soft_hci_transport_init

i.CyBleStackMgr_GetTime
                0x00002fa4       0x14
 i.CyBleStackMgr_GetTime
                0x00002fa4       0x14 C:\Program Files (x86)\Cypress\PSoC Creator\3.1\PSoC Creator\psoc\content\cycomponentlibrary\CyComponentLibrary.cylib\BLE_v1_20\Library\gccCyBLEStack_BLE_SOC_PERIPHERAL.a(CyBleStackMgr_PSoCHal.o)
                0x00002fa4                CyBleStackMgr_GetTime

i.CyBleStackMgr_HalInit
                0x00002fb8       0x24
 i.CyBleStackMgr_HalInit
                0x00002fb8       0x24 C:\Program Files (x86)\Cypress\PSoC Creator\3.1\PSoC Creator\psoc\content\cycomponentlibrary\CyComponentLibrary.cylib\BLE_v1_20\Library\gccCyBLEStack_BLE_SOC_PERIPHERAL.a(CyBleStackMgr_PSoCHal.o)
                0x00002fb8                CyBleStackMgr_HalInit

i.CyBleStackMgr_HalIntrEnable
                0x00002fdc        0x8
 i.CyBleStackMgr_HalIntrEnable
                0x00002fdc        0x8 C:\Program Files (x86)\Cypress\PSoC Creator\3.1\PSoC Creator\psoc\content\cycomponentlibrary\CyComponentLibrary.cylib\BLE_v1_20\Library\gccCyBLEStack_BLE_SOC_PERIPHERAL.a(CyBleStackMgr_PSoCHal.o)
                0x00002fdc                CyBleStackMgr_HalIntrEnable

i.CyBleStackMgr_HandleLinkLayerTick
                0x00002fe4       0x5c
 i.CyBleStackMgr_HandleLinkLayerTick
                0x00002fe4       0x5c C:\Program Files (x86)\Cypress\PSoC Creator\3.1\PSoC Creator\psoc\content\cycomponentlibrary\CyComponentLibrary.cylib\BLE_v1_20\Library\gccCyBLEStack_BLE_SOC_PERIPHERAL.a(CyBleStackMgr_PSoCHal.o)
                0x00002fe4                CyBleStackMgr_HandleLinkLayerTick

i.CyBleStackMgr_HciPortInit
                0x00003040        0xc
 i.CyBleStackMgr_HciPortInit
                0x00003040        0xc C:\Program Files (x86)\Cypress\PSoC Creator\3.1\PSoC Creator\psoc\content\cycomponentlibrary\CyComponentLibrary.cylib\BLE_v1_20\Library\gccCyBLEStack_BLE_SOC_PERIPHERAL.a(CyBleStackMgr_PSoCHal.o)
                0x00003040                CyBleStackMgr_HciPortInit

i.CyBleStackMgr_HciPortReset
                0x0000304c        0x2
 i.CyBleStackMgr_HciPortReset
                0x0000304c        0x2 C:\Program Files (x86)\Cypress\PSoC Creator\3.1\PSoC Creator\psoc\content\cycomponentlibrary\CyComponentLibrary.cylib\BLE_v1_20\Library\gccCyBLEStack_BLE_SOC_PERIPHERAL.a(CyBleStackMgr_PSoCHal.o)
                0x0000304c                CyBleStackMgr_HciPortReset

i.CyBleStackMgr_HciPortWrite
                0x0000304e        0x8
 i.CyBleStackMgr_HciPortWrite
                0x0000304e        0x8 C:\Program Files (x86)\Cypress\PSoC Creator\3.1\PSoC Creator\psoc\content\cycomponentlibrary\CyComponentLibrary.cylib\BLE_v1_20\Library\gccCyBLEStack_BLE_SOC_PERIPHERAL.a(CyBleStackMgr_PSoCHal.o)
                0x0000304e                CyBleStackMgr_HciPortWrite

i.CyBleStackMgr_ResetLinkLayerTimerEntity
                0x00003058       0x14
 i.CyBleStackMgr_ResetLinkLayerTimerEntity
                0x00003058       0x14 C:\Program Files (x86)\Cypress\PSoC Creator\3.1\PSoC Creator\psoc\content\cycomponentlibrary\CyComponentLibrary.cylib\BLE_v1_20\Library\gccCyBLEStack_BLE_SOC_PERIPHERAL.a(CyBleStackMgr_PSoCHal.o)
                0x00003058                CyBleStackMgr_ResetLinkLayerTimerEntity

i.CyBleStackMgr_TimerStart
                0x0000306c       0x2c
 i.CyBleStackMgr_TimerStart
                0x0000306c       0x2c C:\Program Files (x86)\Cypress\PSoC Creator\3.1\PSoC Creator\psoc\content\cycomponentlibrary\CyComponentLibrary.cylib\BLE_v1_20\Library\gccCyBLEStack_BLE_SOC_PERIPHERAL.a(CyBleStackMgr_PSoCHal.o)
                0x0000306c                CyBleStackMgr_TimerStart

i.CyBleStackMgr_TimerStop
                0x00003098       0x18
 i.CyBleStackMgr_TimerStop
                0x00003098       0x18 C:\Program Files (x86)\Cypress\PSoC Creator\3.1\PSoC Creator\psoc\content\cycomponentlibrary\CyComponentLibrary.cylib\BLE_v1_20\Library\gccCyBLEStack_BLE_SOC_PERIPHERAL.a(CyBleStackMgr_PSoCHal.o)
                0x00003098                CyBleStackMgr_TimerStop

i.CyBleStackMgr_isTimerRunning
                0x000030b0       0x10
 i.CyBleStackMgr_isTimerRunning
                0x000030b0       0x10 C:\Program Files (x86)\Cypress\PSoC Creator\3.1\PSoC Creator\psoc\content\cycomponentlibrary\CyComponentLibrary.cylib\BLE_v1_20\Library\gccCyBLEStack_BLE_SOC_PERIPHERAL.a(CyBleStackMgr_PSoCHal.o)
                0x000030b0                CyBleStackMgr_isTimerRunning

i.CyBleAtlantisRadioInit
                0x000030c0      0x1ac
 i.CyBleAtlantisRadioInit
                0x000030c0      0x1ac C:\Program Files (x86)\Cypress\PSoC Creator\3.1\PSoC Creator\psoc\content\cycomponentlibrary\CyComponentLibrary.cylib\BLE_v1_20\Library\gccCyBLEStack_BLE_SOC_PERIPHERAL.a(CyBleStackMgr_BleSSDriver.o)

i.CyBleStackMgr_BleSSFifoRead
                0x0000326c       0x38
 i.CyBleStackMgr_BleSSFifoRead
                0x0000326c       0x38 C:\Program Files (x86)\Cypress\PSoC Creator\3.1\PSoC Creator\psoc\content\cycomponentlibrary\CyComponentLibrary.cylib\BLE_v1_20\Library\gccCyBLEStack_BLE_SOC_PERIPHERAL.a(CyBleStackMgr_BleSSDriver.o)
                0x0000326c                CyBleStackMgr_BleSSFifoRead

i.CyBleStackMgr_BleSSFifoWrite
                0x000032a4       0x30
 i.CyBleStackMgr_BleSSFifoWrite
                0x000032a4       0x30 C:\Program Files (x86)\Cypress\PSoC Creator\3.1\PSoC Creator\psoc\content\cycomponentlibrary\CyComponentLibrary.cylib\BLE_v1_20\Library\gccCyBLEStack_BLE_SOC_PERIPHERAL.a(CyBleStackMgr_BleSSDriver.o)
                0x000032a4                CyBleStackMgr_BleSSFifoWrite

i.CyBleStackMgr_BleSSInit
                0x000032d4       0x50
 i.CyBleStackMgr_BleSSInit
                0x000032d4       0x50 C:\Program Files (x86)\Cypress\PSoC Creator\3.1\PSoC Creator\psoc\content\cycomponentlibrary\CyComponentLibrary.cylib\BLE_v1_20\Library\gccCyBLEStack_BLE_SOC_PERIPHERAL.a(CyBleStackMgr_BleSSDriver.o)
                0x000032d4                CyBleStackMgr_BleSSInit

i.CyBleStackMgr_BleSSMemRead
                0x00003324       0x26
 i.CyBleStackMgr_BleSSMemRead
                0x00003324       0x26 C:\Program Files (x86)\Cypress\PSoC Creator\3.1\PSoC Creator\psoc\content\cycomponentlibrary\CyComponentLibrary.cylib\BLE_v1_20\Library\gccCyBLEStack_BLE_SOC_PERIPHERAL.a(CyBleStackMgr_BleSSDriver.o)
                0x00003324                CyBleStackMgr_BleSSMemRead

i.CyBleStackMgr_BleSSMemWrite
                0x0000334c       0x34
 i.CyBleStackMgr_BleSSMemWrite
                0x0000334c       0x34 C:\Program Files (x86)\Cypress\PSoC Creator\3.1\PSoC Creator\psoc\content\cycomponentlibrary\CyComponentLibrary.cylib\BLE_v1_20\Library\gccCyBLEStack_BLE_SOC_PERIPHERAL.a(CyBleStackMgr_BleSSDriver.o)
                0x0000334c                CyBleStackMgr_BleSSMemWrite

i.CyBleStackMgr_BleSSRegRead
                0x00003380        0xc
 i.CyBleStackMgr_BleSSRegRead
                0x00003380        0xc C:\Program Files (x86)\Cypress\PSoC Creator\3.1\PSoC Creator\psoc\content\cycomponentlibrary\CyComponentLibrary.cylib\BLE_v1_20\Library\gccCyBLEStack_BLE_SOC_PERIPHERAL.a(CyBleStackMgr_BleSSDriver.o)
                0x00003380                CyBleStackMgr_BleSSRegRead

i.CyBleStackMgr_BleSSRegWrite
                0x0000338c        0xc
 i.CyBleStackMgr_BleSSRegWrite
                0x0000338c        0xc C:\Program Files (x86)\Cypress\PSoC Creator\3.1\PSoC Creator\psoc\content\cycomponentlibrary\CyComponentLibrary.cylib\BLE_v1_20\Library\gccCyBLEStack_BLE_SOC_PERIPHERAL.a(CyBleStackMgr_BleSSDriver.o)
                0x0000338c                CyBleStackMgr_BleSSRegWrite

i.CyBleStackMgr_BleSSReset
                0x00003398       0x38
 i.CyBleStackMgr_BleSSReset
                0x00003398       0x38 C:\Program Files (x86)\Cypress\PSoC Creator\3.1\PSoC Creator\psoc\content\cycomponentlibrary\CyComponentLibrary.cylib\BLE_v1_20\Library\gccCyBLEStack_BLE_SOC_PERIPHERAL.a(CyBleStackMgr_BleSSDriver.o)
                0x00003398                CyBleStackMgr_BleSSReset

i.CyBleStackMgr_GenericIface
                0x000033d0       0x3c
 i.CyBleStackMgr_GenericIface
                0x000033d0       0x3c C:\Program Files (x86)\Cypress\PSoC Creator\3.1\PSoC Creator\psoc\content\cycomponentlibrary\CyComponentLibrary.cylib\BLE_v1_20\Library\gccCyBLEStack_BLE_SOC_PERIPHERAL.a(CyBleStackMgr_BleSSDriver.o)
                0x000033d0                CyBleStackMgr_GenericIface

i.CyBleStackMgr_HandleBleSSIntr
                0x0000340c       0x90
 i.CyBleStackMgr_HandleBleSSIntr
                0x0000340c       0x90 C:\Program Files (x86)\Cypress\PSoC Creator\3.1\PSoC Creator\psoc\content\cycomponentlibrary\CyComponentLibrary.cylib\BLE_v1_20\Library\gccCyBLEStack_BLE_SOC_PERIPHERAL.a(CyBleStackMgr_BleSSDriver.o)
                0x0000340c                CyBleStackMgr_HandleBleSSIntr

i.CyBleStackMgr_SetClockParam
                0x0000349c       0xb4
 i.CyBleStackMgr_SetClockParam
                0x0000349c       0xb4 C:\Program Files (x86)\Cypress\PSoC Creator\3.1\PSoC Creator\psoc\content\cycomponentlibrary\CyComponentLibrary.cylib\BLE_v1_20\Library\gccCyBLEStack_BLE_SOC_PERIPHERAL.a(CyBleStackMgr_BleSSDriver.o)

i.CyBle_ExitDsmMode
                0x00003550       0x2c
 i.CyBle_ExitDsmMode
                0x00003550       0x2c C:\Program Files (x86)\Cypress\PSoC Creator\3.1\PSoC Creator\psoc\content\cycomponentlibrary\CyComponentLibrary.cylib\BLE_v1_20\Library\gccCyBLEStack_BLE_SOC_PERIPHERAL.a(CyBleStackMgr_BleSSDriver.o)
                0x00003550                CyBle_ExitDsmMode

i.CyBle_GetBleSsOperationalMode
                0x0000357c        0xc
 i.CyBle_GetBleSsOperationalMode
                0x0000357c        0xc C:\Program Files (x86)\Cypress\PSoC Creator\3.1\PSoC Creator\psoc\content\cycomponentlibrary\CyComponentLibrary.cylib\BLE_v1_20\Library\gccCyBLEStack_BLE_SOC_PERIPHERAL.a(CyBleStackMgr_BleSSDriver.o)
                0x0000357c                CyBle_GetBleSsOperationalMode

i.CyBle_GetLpMode
                0x00003588       0x26
 i.CyBle_GetLpMode
                0x00003588       0x26 C:\Program Files (x86)\Cypress\PSoC Creator\3.1\PSoC Creator\psoc\content\cycomponentlibrary\CyComponentLibrary.cylib\BLE_v1_20\Library\gccCyBLEStack_BLE_SOC_PERIPHERAL.a(CyBleStackMgr_BleSSDriver.o)
                0x00003588                CyBle_GetLpMode

i.CyBle_GetTxGainMode
                0x000035b0       0x2c
 i.CyBle_GetTxGainMode
                0x000035b0       0x2c C:\Program Files (x86)\Cypress\PSoC Creator\3.1\PSoC Creator\psoc\content\cycomponentlibrary\CyComponentLibrary.cylib\BLE_v1_20\Library\gccCyBLEStack_BLE_SOC_PERIPHERAL.a(CyBleStackMgr_BleSSDriver.o)
                0x000035b0                CyBle_GetTxGainMode

i.CyBle_SetBleSsOperationalMode
                0x000035dc       0x20
 i.CyBle_SetBleSsOperationalMode
                0x000035dc       0x20 C:\Program Files (x86)\Cypress\PSoC Creator\3.1\PSoC Creator\psoc\content\cycomponentlibrary\CyComponentLibrary.cylib\BLE_v1_20\Library\gccCyBLEStack_BLE_SOC_PERIPHERAL.a(CyBleStackMgr_BleSSDriver.o)
                0x000035dc                CyBle_SetBleSsOperationalMode

i.CyBle_SetEventCloseState
                0x000035fc        0xc
 i.CyBle_SetEventCloseState
                0x000035fc        0xc C:\Program Files (x86)\Cypress\PSoC Creator\3.1\PSoC Creator\psoc\content\cycomponentlibrary\CyComponentLibrary.cylib\BLE_v1_20\Library\gccCyBLEStack_BLE_SOC_PERIPHERAL.a(CyBleStackMgr_BleSSDriver.o)
                0x000035fc                CyBle_SetEventCloseState

i.CyBle_SetRxGainMode
                0x00003608       0x20
 i.CyBle_SetRxGainMode
                0x00003608       0x20 C:\Program Files (x86)\Cypress\PSoC Creator\3.1\PSoC Creator\psoc\content\cycomponentlibrary\CyComponentLibrary.cylib\BLE_v1_20\Library\gccCyBLEStack_BLE_SOC_PERIPHERAL.a(CyBleStackMgr_BleSSDriver.o)
                0x00003608                CyBle_SetRxGainMode

i.CyBle_SetTxGainMode
                0x00003628       0x38
 i.CyBle_SetTxGainMode
                0x00003628       0x38 C:\Program Files (x86)\Cypress\PSoC Creator\3.1\PSoC Creator\psoc\content\cycomponentlibrary\CyComponentLibrary.cylib\BLE_v1_20\Library\gccCyBLEStack_BLE_SOC_PERIPHERAL.a(CyBleStackMgr_BleSSDriver.o)
                0x00003628                CyBle_SetTxGainMode

i.pf_rf_get_abs_rssi
                0x00003660       0x24
 i.pf_rf_get_abs_rssi
                0x00003660       0x24 C:\Program Files (x86)\Cypress\PSoC Creator\3.1\PSoC Creator\psoc\content\cycomponentlibrary\CyComponentLibrary.cylib\BLE_v1_20\Library\gccCyBLEStack_BLE_SOC_PERIPHERAL.a(CyBleStackMgr_BleSSDriver.o)
                0x00003660                pf_rf_get_abs_rssi

i.OS_init       0x00003684       0x64
 i.OS_init      0x00003684       0x64 C:\Program Files (x86)\Cypress\PSoC Creator\3.1\PSoC Creator\psoc\content\cycomponentlibrary\CyComponentLibrary.cylib\BLE_v1_20\Library\gccCyBLEStack_BLE_SOC_PERIPHERAL.a(mint_os.o)
                0x00003684                OS_init

i.mintos_malloc
                0x000036e8       0x34
 i.mintos_malloc
                0x000036e8       0x34 C:\Program Files (x86)\Cypress\PSoC Creator\3.1\PSoC Creator\psoc\content\cycomponentlibrary\CyComponentLibrary.cylib\BLE_v1_20\Library\gccCyBLEStack_BLE_SOC_PERIPHERAL.a(mint_os.o)
                0x000036e8                mintos_malloc

i.OS_create_queue
                0x0000371c       0x64
 i.OS_create_queue
                0x0000371c       0x64 C:\Program Files (x86)\Cypress\PSoC Creator\3.1\PSoC Creator\psoc\content\cycomponentlibrary\CyComponentLibrary.cylib\BLE_v1_20\Library\gccCyBLEStack_BLE_SOC_PERIPHERAL.a(mint_os_queue.o)
                0x0000371c                OS_create_queue

i.OS_enqueue_item
                0x00003780       0x8c
 i.OS_enqueue_item
                0x00003780       0x8c C:\Program Files (x86)\Cypress\PSoC Creator\3.1\PSoC Creator\psoc\content\cycomponentlibrary\CyComponentLibrary.cylib\BLE_v1_20\Library\gccCyBLEStack_BLE_SOC_PERIPHERAL.a(mint_os_queue.o)
                0x00003780                OS_enqueue_item

i.OS_queue_get_num_of_items
                0x0000380c       0x28
 i.OS_queue_get_num_of_items
                0x0000380c       0x28 C:\Program Files (x86)\Cypress\PSoC Creator\3.1\PSoC Creator\psoc\content\cycomponentlibrary\CyComponentLibrary.cylib\BLE_v1_20\Library\gccCyBLEStack_BLE_SOC_PERIPHERAL.a(mint_os_queue.o)
                0x0000380c                OS_queue_get_num_of_items

i.OS_queue_mgmt_init
                0x00003834       0x40
 i.OS_queue_mgmt_init
                0x00003834       0x40 C:\Program Files (x86)\Cypress\PSoC Creator\3.1\PSoC Creator\psoc\content\cycomponentlibrary\CyComponentLibrary.cylib\BLE_v1_20\Library\gccCyBLEStack_BLE_SOC_PERIPHERAL.a(mint_os_queue.o)
                0x00003834                OS_queue_mgmt_init

i.OS_remove_item
                0x00003874       0xa0
 i.OS_remove_item
                0x00003874       0xa0 C:\Program Files (x86)\Cypress\PSoC Creator\3.1\PSoC Creator\psoc\content\cycomponentlibrary\CyComponentLibrary.cylib\BLE_v1_20\Library\gccCyBLEStack_BLE_SOC_PERIPHERAL.a(mint_os_queue.o)
                0x00003874                OS_remove_item

i.OS_create_task
                0x00003914       0x88
 i.OS_create_task
                0x00003914       0x88 C:\Program Files (x86)\Cypress\PSoC Creator\3.1\PSoC Creator\psoc\content\cycomponentlibrary\CyComponentLibrary.cylib\BLE_v1_20\Library\gccCyBLEStack_BLE_SOC_PERIPHERAL.a(mint_os_task.o)
                0x00003914                OS_create_task

i.OS_isr_send_signal_to_task
                0x0000399c        0xc
 i.OS_isr_send_signal_to_task
                0x0000399c        0xc C:\Program Files (x86)\Cypress\PSoC Creator\3.1\PSoC Creator\psoc\content\cycomponentlibrary\CyComponentLibrary.cylib\BLE_v1_20\Library\gccCyBLEStack_BLE_SOC_PERIPHERAL.a(mint_os_task.o)
                0x0000399c                OS_isr_send_signal_to_task

i.OS_scheduler  0x000039a8       0x64
 i.OS_scheduler
                0x000039a8       0x64 C:\Program Files (x86)\Cypress\PSoC Creator\3.1\PSoC Creator\psoc\content\cycomponentlibrary\CyComponentLibrary.cylib\BLE_v1_20\Library\gccCyBLEStack_BLE_SOC_PERIPHERAL.a(mint_os_task.o)
                0x000039a8                OS_scheduler

i.OS_send_signal_to_task
                0x00003a0c        0xc
 i.OS_send_signal_to_task
                0x00003a0c        0xc C:\Program Files (x86)\Cypress\PSoC Creator\3.1\PSoC Creator\psoc\content\cycomponentlibrary\CyComponentLibrary.cylib\BLE_v1_20\Library\gccCyBLEStack_BLE_SOC_PERIPHERAL.a(mint_os_task.o)
                0x00003a0c                OS_send_signal_to_task

i.OS_send_signal_to_task_context
                0x00003a18       0x3c
 i.OS_send_signal_to_task_context
                0x00003a18       0x3c C:\Program Files (x86)\Cypress\PSoC Creator\3.1\PSoC Creator\psoc\content\cycomponentlibrary\CyComponentLibrary.cylib\BLE_v1_20\Library\gccCyBLEStack_BLE_SOC_PERIPHERAL.a(mint_os_task.o)

i.OS_task_mgmt_init
                0x00003a54       0x50
 i.OS_task_mgmt_init
                0x00003a54       0x50 C:\Program Files (x86)\Cypress\PSoC Creator\3.1\PSoC Creator\psoc\content\cycomponentlibrary\CyComponentLibrary.cylib\BLE_v1_20\Library\gccCyBLEStack_BLE_SOC_PERIPHERAL.a(mint_os_task.o)
                0x00003a54                OS_task_mgmt_init

i.mint_buf_mgmt_allocate_buffer
                0x00003aa4       0x4c
 i.mint_buf_mgmt_allocate_buffer
                0x00003aa4       0x4c C:\Program Files (x86)\Cypress\PSoC Creator\3.1\PSoC Creator\psoc\content\cycomponentlibrary\CyComponentLibrary.cylib\BLE_v1_20\Library\gccCyBLEStack_BLE_SOC_PERIPHERAL.a(mint_buf_mgmt.o)
                0x00003aa4                mint_buf_mgmt_allocate_buffer

i.mint_buf_mgmt_create_pool
                0x00003af0       0xd8
 i.mint_buf_mgmt_create_pool
                0x00003af0       0xd8 C:\Program Files (x86)\Cypress\PSoC Creator\3.1\PSoC Creator\psoc\content\cycomponentlibrary\CyComponentLibrary.cylib\BLE_v1_20\Library\gccCyBLEStack_BLE_SOC_PERIPHERAL.a(mint_buf_mgmt.o)
                0x00003af0                mint_buf_mgmt_create_pool

i.mint_buf_mgmt_free_buffer
                0x00003bc8       0xa4
 i.mint_buf_mgmt_free_buffer
                0x00003bc8       0xa4 C:\Program Files (x86)\Cypress\PSoC Creator\3.1\PSoC Creator\psoc\content\cycomponentlibrary\CyComponentLibrary.cylib\BLE_v1_20\Library\gccCyBLEStack_BLE_SOC_PERIPHERAL.a(mint_buf_mgmt.o)
                0x00003bc8                mint_buf_mgmt_free_buffer

i.mint_buf_mgmt_get_free_heap
                0x00003c6c       0x1c
 i.mint_buf_mgmt_get_free_heap
                0x00003c6c       0x1c C:\Program Files (x86)\Cypress\PSoC Creator\3.1\PSoC Creator\psoc\content\cycomponentlibrary\CyComponentLibrary.cylib\BLE_v1_20\Library\gccCyBLEStack_BLE_SOC_PERIPHERAL.a(mint_buf_mgmt.o)
                0x00003c6c                mint_buf_mgmt_get_free_heap

i.mint_buf_mgmt_init
                0x00003c88       0x44
 i.mint_buf_mgmt_init
                0x00003c88       0x44 C:\Program Files (x86)\Cypress\PSoC Creator\3.1\PSoC Creator\psoc\content\cycomponentlibrary\CyComponentLibrary.cylib\BLE_v1_20\Library\gccCyBLEStack_BLE_SOC_PERIPHERAL.a(mint_buf_mgmt.o)
                0x00003c88                mint_buf_mgmt_init

i.mint_buf_mgmt_malloc
                0x00003ccc       0x2c
 i.mint_buf_mgmt_malloc
                0x00003ccc       0x2c C:\Program Files (x86)\Cypress\PSoC Creator\3.1\PSoC Creator\psoc\content\cycomponentlibrary\CyComponentLibrary.cylib\BLE_v1_20\Library\gccCyBLEStack_BLE_SOC_PERIPHERAL.a(mint_buf_mgmt.o)
                0x00003ccc                mint_buf_mgmt_malloc

i.mint_buf_mgmt_reset_pool
                0x00003cf8       0x70
 i.mint_buf_mgmt_reset_pool
                0x00003cf8       0x70 C:\Program Files (x86)\Cypress\PSoC Creator\3.1\PSoC Creator\psoc\content\cycomponentlibrary\CyComponentLibrary.cylib\BLE_v1_20\Library\gccCyBLEStack_BLE_SOC_PERIPHERAL.a(mint_buf_mgmt.o)
                0x00003cf8                mint_buf_mgmt_reset_pool

i.mint_buf_mgmt_stack_init
                0x00003d68       0x24
 i.mint_buf_mgmt_stack_init
                0x00003d68       0x24 C:\Program Files (x86)\Cypress\PSoC Creator\3.1\PSoC Creator\psoc\content\cycomponentlibrary\CyComponentLibrary.cylib\BLE_v1_20\Library\gccCyBLEStack_BLE_SOC_PERIPHERAL.a(mint_buf_mgmt.o)
                0x00003d68                mint_buf_mgmt_stack_init

i.mint_buf_mgmt_stack_pop
                0x00003d8c       0x36
 i.mint_buf_mgmt_stack_pop
                0x00003d8c       0x36 C:\Program Files (x86)\Cypress\PSoC Creator\3.1\PSoC Creator\psoc\content\cycomponentlibrary\CyComponentLibrary.cylib\BLE_v1_20\Library\gccCyBLEStack_BLE_SOC_PERIPHERAL.a(mint_buf_mgmt.o)
                0x00003d8c                mint_buf_mgmt_stack_pop

i.mint_buf_mgmt_stack_push
                0x00003dc2       0x36
 i.mint_buf_mgmt_stack_push
                0x00003dc2       0x36 C:\Program Files (x86)\Cypress\PSoC Creator\3.1\PSoC Creator\psoc\content\cycomponentlibrary\CyComponentLibrary.cylib\BLE_v1_20\Library\gccCyBLEStack_BLE_SOC_PERIPHERAL.a(mint_buf_mgmt.o)
                0x00003dc2                mint_buf_mgmt_stack_push

i.mint_buf_mgmt_stack_reset
                0x00003df8       0x1e
 i.mint_buf_mgmt_stack_reset
                0x00003df8       0x1e C:\Program Files (x86)\Cypress\PSoC Creator\3.1\PSoC Creator\psoc\content\cycomponentlibrary\CyComponentLibrary.cylib\BLE_v1_20\Library\gccCyBLEStack_BLE_SOC_PERIPHERAL.a(mint_buf_mgmt.o)
                0x00003df8                mint_buf_mgmt_stack_reset

i.mint_buf_mgmt_stack_search_item
                0x00003e16       0x30
 i.mint_buf_mgmt_stack_search_item
                0x00003e16       0x30 C:\Program Files (x86)\Cypress\PSoC Creator\3.1\PSoC Creator\psoc\content\cycomponentlibrary\CyComponentLibrary.cylib\BLE_v1_20\Library\gccCyBLEStack_BLE_SOC_PERIPHERAL.a(mint_buf_mgmt.o)
                0x00003e16                mint_buf_mgmt_stack_search_item

i.mint_buf_mgmt_pl_init
                0x00003e48       0x2c
 i.mint_buf_mgmt_pl_init
                0x00003e48       0x2c C:\Program Files (x86)\Cypress\PSoC Creator\3.1\PSoC Creator\psoc\content\cycomponentlibrary\CyComponentLibrary.cylib\BLE_v1_20\Library\gccCyBLEStack_BLE_SOC_PERIPHERAL.a(mint_buf_mgmt_pl.o)
                0x00003e48                mint_buf_mgmt_pl_init

i.CyBleControllerIP_GetPingState
                0x00003e74        0xc
 i.CyBleControllerIP_GetPingState
                0x00003e74        0xc C:\Program Files (x86)\Cypress\PSoC Creator\3.1\PSoC Creator\psoc\content\cycomponentlibrary\CyComponentLibrary.cylib\BLE_v1_20\Library\gccCyBLEStack_BLE_SOC_PERIPHERAL.a(CyBleControllerIP_Interface.o)
                0x00003e74                CyBleControllerIP_GetPingState

i.CyBleController_AddDeviceToWhiteList
                0x00003e80       0x40
 i.CyBleController_AddDeviceToWhiteList
                0x00003e80       0x40 C:\Program Files (x86)\Cypress\PSoC Creator\3.1\PSoC Creator\psoc\content\cycomponentlibrary\CyComponentLibrary.cylib\BLE_v1_20\Library\gccCyBLEStack_BLE_SOC_PERIPHERAL.a(CyBleControllerIP_Interface.o)
                0x00003e80                CyBleController_AddDeviceToWhiteList

i.CyBleController_ExitLowPowerMode
                0x00003ec0       0x10
 i.CyBleController_ExitLowPowerMode
                0x00003ec0       0x10 C:\Program Files (x86)\Cypress\PSoC Creator\3.1\PSoC Creator\psoc\content\cycomponentlibrary\CyComponentLibrary.cylib\BLE_v1_20\Library\gccCyBLEStack_BLE_SOC_PERIPHERAL.a(CyBleControllerIP_Interface.o)
                0x00003ec0                CyBleController_ExitLowPowerMode

i.CyBleController_Init
                0x00003ed0       0x3c
 i.CyBleController_Init
                0x00003ed0       0x3c C:\Program Files (x86)\Cypress\PSoC Creator\3.1\PSoC Creator\psoc\content\cycomponentlibrary\CyComponentLibrary.cylib\BLE_v1_20\Library\gccCyBLEStack_BLE_SOC_PERIPHERAL.a(CyBleControllerIP_Interface.o)
                0x00003ed0                CyBleController_Init

i.CyBleController_SetDeviceAddress
                0x00003f0c       0x2e
 i.CyBleController_SetDeviceAddress
                0x00003f0c       0x2e C:\Program Files (x86)\Cypress\PSoC Creator\3.1\PSoC Creator\psoc\content\cycomponentlibrary\CyComponentLibrary.cylib\BLE_v1_20\Library\gccCyBLEStack_BLE_SOC_PERIPHERAL.a(CyBleControllerIP_Interface.o)
                0x00003f0c                CyBleController_SetDeviceAddress

i.CyBle_GetTxPowerLevel
                0x00003f3a       0x4e
 i.CyBle_GetTxPowerLevel
                0x00003f3a       0x4e C:\Program Files (x86)\Cypress\PSoC Creator\3.1\PSoC Creator\psoc\content\cycomponentlibrary\CyComponentLibrary.cylib\BLE_v1_20\Library\gccCyBLEStack_BLE_SOC_PERIPHERAL.a(CyBleControllerIP_Interface.o)
                0x00003f3a                CyBle_GetTxPowerLevel

i.CyBle_SetTxPowerLevel
                0x00003f88       0x56
 i.CyBle_SetTxPowerLevel
                0x00003f88       0x56 C:\Program Files (x86)\Cypress\PSoC Creator\3.1\PSoC Creator\psoc\content\cycomponentlibrary\CyComponentLibrary.cylib\BLE_v1_20\Library\gccCyBLEStack_BLE_SOC_PERIPHERAL.a(CyBleControllerIP_Interface.o)
                0x00003f88                CyBle_SetTxPowerLevel

i.ll_check_and_mark_packet_ready_for_transmission
                0x00003fe0       0x28
 i.ll_check_and_mark_packet_ready_for_transmission
                0x00003fe0       0x28 C:\Program Files (x86)\Cypress\PSoC Creator\3.1\PSoC Creator\psoc\content\cycomponentlibrary\CyComponentLibrary.cylib\BLE_v1_20\Library\gccCyBLEStack_BLE_SOC_PERIPHERAL.a(ll.o)
                0x00003fe0                ll_check_and_mark_packet_ready_for_transmission

i.ll_cleanup_pending_data_pdu
                0x00004008       0x38
 i.ll_cleanup_pending_data_pdu
                0x00004008       0x38 C:\Program Files (x86)\Cypress\PSoC Creator\3.1\PSoC Creator\psoc\content\cycomponentlibrary\CyComponentLibrary.cylib\BLE_v1_20\Library\gccCyBLEStack_BLE_SOC_PERIPHERAL.a(ll.o)
                0x00004008                ll_cleanup_pending_data_pdu

i.ll_exit_low_power_mode
                0x00004040       0xac
 i.ll_exit_low_power_mode
                0x00004040       0xac C:\Program Files (x86)\Cypress\PSoC Creator\3.1\PSoC Creator\psoc\content\cycomponentlibrary\CyComponentLibrary.cylib\BLE_v1_20\Library\gccCyBLEStack_BLE_SOC_PERIPHERAL.a(ll.o)
                0x00004040                ll_exit_low_power_mode

i.ll_get_ack_status
                0x000040ec       0x3c
 i.ll_get_ack_status
                0x000040ec       0x3c C:\Program Files (x86)\Cypress\PSoC Creator\3.1\PSoC Creator\psoc\content\cycomponentlibrary\CyComponentLibrary.cylib\BLE_v1_20\Library\gccCyBLEStack_BLE_SOC_PERIPHERAL.a(ll.o)
                0x000040ec                ll_get_ack_status

i.ll_get_adv_ch_tx_power
                0x00004128       0x20
 i.ll_get_adv_ch_tx_power
                0x00004128       0x20 C:\Program Files (x86)\Cypress\PSoC Creator\3.1\PSoC Creator\psoc\content\cycomponentlibrary\CyComponentLibrary.cylib\BLE_v1_20\Library\gccCyBLEStack_BLE_SOC_PERIPHERAL.a(ll.o)
                0x00004128                ll_get_adv_ch_tx_power

i.ll_get_data_channel_map
                0x00004148       0x24
 i.ll_get_data_channel_map
                0x00004148       0x24 C:\Program Files (x86)\Cypress\PSoC Creator\3.1\PSoC Creator\psoc\content\cycomponentlibrary\CyComponentLibrary.cylib\BLE_v1_20\Library\gccCyBLEStack_BLE_SOC_PERIPHERAL.a(ll.o)
                0x00004148                ll_get_data_channel_map

i.ll_get_max_white_list_size
                0x0000416c        0xc
 i.ll_get_max_white_list_size
                0x0000416c        0xc C:\Program Files (x86)\Cypress\PSoC Creator\3.1\PSoC Creator\psoc\content\cycomponentlibrary\CyComponentLibrary.cylib\BLE_v1_20\Library\gccCyBLEStack_BLE_SOC_PERIPHERAL.a(ll.o)
                0x0000416c                ll_get_max_white_list_size

i.ll_get_my_role
                0x00004178        0xc
 i.ll_get_my_role
                0x00004178        0xc C:\Program Files (x86)\Cypress\PSoC Creator\3.1\PSoC Creator\psoc\content\cycomponentlibrary\CyComponentLibrary.cylib\BLE_v1_20\Library\gccCyBLEStack_BLE_SOC_PERIPHERAL.a(ll.o)
                0x00004178                ll_get_my_role

i.ll_get_next_available_fifo_for_data_pdu
                0x00004184        0x8
 i.ll_get_next_available_fifo_for_data_pdu
                0x00004184        0x8 C:\Program Files (x86)\Cypress\PSoC Creator\3.1\PSoC Creator\psoc\content\cycomponentlibrary\CyComponentLibrary.cylib\BLE_v1_20\Library\gccCyBLEStack_BLE_SOC_PERIPHERAL.a(ll.o)
                0x00004184                ll_get_next_available_fifo_for_data_pdu

i.ll_get_next_available_fifo_for_ll_pdu
                0x0000418c       0x24
 i.ll_get_next_available_fifo_for_ll_pdu
                0x0000418c       0x24 C:\Program Files (x86)\Cypress\PSoC Creator\3.1\PSoC Creator\psoc\content\cycomponentlibrary\CyComponentLibrary.cylib\BLE_v1_20\Library\gccCyBLEStack_BLE_SOC_PERIPHERAL.a(ll.o)
                0x0000418c                ll_get_next_available_fifo_for_ll_pdu

i.ll_get_rssi_value
                0x000041b0       0x26
 i.ll_get_rssi_value
                0x000041b0       0x26 C:\Program Files (x86)\Cypress\PSoC Creator\3.1\PSoC Creator\psoc\content\cycomponentlibrary\CyComponentLibrary.cylib\BLE_v1_20\Library\gccCyBLEStack_BLE_SOC_PERIPHERAL.a(ll.o)
                0x000041b0                ll_get_rssi_value

i.ll_get_transmit_power_level
                0x000041d8       0x2c
 i.ll_get_transmit_power_level
                0x000041d8       0x2c C:\Program Files (x86)\Cypress\PSoC Creator\3.1\PSoC Creator\psoc\content\cycomponentlibrary\CyComponentLibrary.cylib\BLE_v1_20\Library\gccCyBLEStack_BLE_SOC_PERIPHERAL.a(ll.o)
                0x000041d8                ll_get_transmit_power_level

i.ll_handle_ack_received
                0x00004204       0x74
 i.ll_handle_ack_received
                0x00004204       0x74 C:\Program Files (x86)\Cypress\PSoC Creator\3.1\PSoC Creator\psoc\content\cycomponentlibrary\CyComponentLibrary.cylib\BLE_v1_20\Library\gccCyBLEStack_BLE_SOC_PERIPHERAL.a(ll.o)
                0x00004204                ll_handle_ack_received

i.ll_handle_add_device_in_whitelist
                0x00004278       0x3a
 i.ll_handle_add_device_in_whitelist
                0x00004278       0x3a C:\Program Files (x86)\Cypress\PSoC Creator\3.1\PSoC Creator\psoc\content\cycomponentlibrary\CyComponentLibrary.cylib\BLE_v1_20\Library\gccCyBLEStack_BLE_SOC_PERIPHERAL.a(ll.o)
                0x00004278                ll_handle_add_device_in_whitelist

i.ll_handle_clear_whitelist
                0x000042b2       0x16
 i.ll_handle_clear_whitelist
                0x000042b2       0x16 C:\Program Files (x86)\Cypress\PSoC Creator\3.1\PSoC Creator\psoc\content\cycomponentlibrary\CyComponentLibrary.cylib\BLE_v1_20\Library\gccCyBLEStack_BLE_SOC_PERIPHERAL.a(ll.o)
                0x000042b2                ll_handle_clear_whitelist

i.ll_handle_encrypt_host_data
                0x000042c8       0x36
 i.ll_handle_encrypt_host_data
                0x000042c8       0x36 C:\Program Files (x86)\Cypress\PSoC Creator\3.1\PSoC Creator\psoc\content\cycomponentlibrary\CyComponentLibrary.cylib\BLE_v1_20\Library\gccCyBLEStack_BLE_SOC_PERIPHERAL.a(ll.o)
                0x000042c8                ll_handle_encrypt_host_data

i.ll_handle_host_data_packet
                0x000042fe       0x54
 i.ll_handle_host_data_packet
                0x000042fe       0x54 C:\Program Files (x86)\Cypress\PSoC Creator\3.1\PSoC Creator\psoc\content\cycomponentlibrary\CyComponentLibrary.cylib\BLE_v1_20\Library\gccCyBLEStack_BLE_SOC_PERIPHERAL.a(ll.o)
                0x000042fe                ll_handle_host_data_packet

i.ll_handle_read_host_channel_map
                0x00004352        0x4
 i.ll_handle_read_host_channel_map
                0x00004352        0x4 C:\Program Files (x86)\Cypress\PSoC Creator\3.1\PSoC Creator\psoc\content\cycomponentlibrary\CyComponentLibrary.cylib\BLE_v1_20\Library\gccCyBLEStack_BLE_SOC_PERIPHERAL.a(ll.o)
                0x00004352                ll_handle_read_host_channel_map

i.ll_handle_remove_device_in_whitelist
                0x00004356       0x2a
 i.ll_handle_remove_device_in_whitelist
                0x00004356       0x2a C:\Program Files (x86)\Cypress\PSoC Creator\3.1\PSoC Creator\psoc\content\cycomponentlibrary\CyComponentLibrary.cylib\BLE_v1_20\Library\gccCyBLEStack_BLE_SOC_PERIPHERAL.a(ll.o)
                0x00004356                ll_handle_remove_device_in_whitelist

i.ll_handle_reset
                0x00004380        0xe
 i.ll_handle_reset
                0x00004380        0xe C:\Program Files (x86)\Cypress\PSoC Creator\3.1\PSoC Creator\psoc\content\cycomponentlibrary\CyComponentLibrary.cylib\BLE_v1_20\Library\gccCyBLEStack_BLE_SOC_PERIPHERAL.a(ll.o)
                0x00004380                ll_handle_reset

i.ll_handle_set_random_address
                0x0000438e       0x36
 i.ll_handle_set_random_address
                0x0000438e       0x36 C:\Program Files (x86)\Cypress\PSoC Creator\3.1\PSoC Creator\psoc\content\cycomponentlibrary\CyComponentLibrary.cylib\BLE_v1_20\Library\gccCyBLEStack_BLE_SOC_PERIPHERAL.a(ll.o)
                0x0000438e                ll_handle_set_random_address

i.ll_init       0x000043c4       0x18
 i.ll_init      0x000043c4       0x18 C:\Program Files (x86)\Cypress\PSoC Creator\3.1\PSoC Creator\psoc\content\cycomponentlibrary\CyComponentLibrary.cylib\BLE_v1_20\Library\gccCyBLEStack_BLE_SOC_PERIPHERAL.a(ll.o)
                0x000043c4                ll_init

i.ll_initialize_device_attributes
                0x000043dc       0x4c
 i.ll_initialize_device_attributes
                0x000043dc       0x4c C:\Program Files (x86)\Cypress\PSoC Creator\3.1\PSoC Creator\psoc\content\cycomponentlibrary\CyComponentLibrary.cylib\BLE_v1_20\Library\gccCyBLEStack_BLE_SOC_PERIPHERAL.a(ll.o)
                0x000043dc                ll_initialize_device_attributes

i.ll_is_pkt_pending
                0x00004428       0x2a
 i.ll_is_pkt_pending
                0x00004428       0x2a C:\Program Files (x86)\Cypress\PSoC Creator\3.1\PSoC Creator\psoc\content\cycomponentlibrary\CyComponentLibrary.cylib\BLE_v1_20\Library\gccCyBLEStack_BLE_SOC_PERIPHERAL.a(ll.o)
                0x00004428                ll_is_pkt_pending

i.ll_is_sent_pkt_pending
                0x00004452       0x1a
 i.ll_is_sent_pkt_pending
                0x00004452       0x1a C:\Program Files (x86)\Cypress\PSoC Creator\3.1\PSoC Creator\psoc\content\cycomponentlibrary\CyComponentLibrary.cylib\BLE_v1_20\Library\gccCyBLEStack_BLE_SOC_PERIPHERAL.a(ll.o)
                0x00004452                ll_is_sent_pkt_pending

i.ll_isr_exit_low_power_mode
                0x0000446c       0x16
 i.ll_isr_exit_low_power_mode
                0x0000446c       0x16 C:\Program Files (x86)\Cypress\PSoC Creator\3.1\PSoC Creator\psoc\content\cycomponentlibrary\CyComponentLibrary.cylib\BLE_v1_20\Library\gccCyBLEStack_BLE_SOC_PERIPHERAL.a(ll.o)
                0x0000446c                ll_isr_exit_low_power_mode

i.ll_load_host_data_packet
                0x00004482       0x4a
 i.ll_load_host_data_packet
                0x00004482       0x4a C:\Program Files (x86)\Cypress\PSoC Creator\3.1\PSoC Creator\psoc\content\cycomponentlibrary\CyComponentLibrary.cylib\BLE_v1_20\Library\gccCyBLEStack_BLE_SOC_PERIPHERAL.a(ll.o)
                0x00004482                ll_load_host_data_packet

i.ll_load_packet_to_fifo
                0x000044cc       0x6e
 i.ll_load_packet_to_fifo
                0x000044cc       0x6e C:\Program Files (x86)\Cypress\PSoC Creator\3.1\PSoC Creator\psoc\content\cycomponentlibrary\CyComponentLibrary.cylib\BLE_v1_20\Library\gccCyBLEStack_BLE_SOC_PERIPHERAL.a(ll.o)
                0x000044cc                ll_load_packet_to_fifo

i.ll_process_acks
                0x0000453a       0x3c
 i.ll_process_acks
                0x0000453a       0x3c C:\Program Files (x86)\Cypress\PSoC Creator\3.1\PSoC Creator\psoc\content\cycomponentlibrary\CyComponentLibrary.cylib\BLE_v1_20\Library\gccCyBLEStack_BLE_SOC_PERIPHERAL.a(ll.o)
                0x0000453a                ll_process_acks

i.ll_reset      0x00004576       0x12
 i.ll_reset     0x00004576       0x12 C:\Program Files (x86)\Cypress\PSoC Creator\3.1\PSoC Creator\psoc\content\cycomponentlibrary\CyComponentLibrary.cylib\BLE_v1_20\Library\gccCyBLEStack_BLE_SOC_PERIPHERAL.a(ll.o)
                0x00004576                ll_reset

i.ll_update_active_features
                0x00004588       0x58
 i.ll_update_active_features
                0x00004588       0x58 C:\Program Files (x86)\Cypress\PSoC Creator\3.1\PSoC Creator\psoc\content\cycomponentlibrary\CyComponentLibrary.cylib\BLE_v1_20\Library\gccCyBLEStack_BLE_SOC_PERIPHERAL.a(ll.o)
                0x00004588                ll_update_active_features

i.ll_update_device_fsm
                0x000045e0        0x8
 i.ll_update_device_fsm
                0x000045e0        0x8 C:\Program Files (x86)\Cypress\PSoC Creator\3.1\PSoC Creator\psoc\content\cycomponentlibrary\CyComponentLibrary.cylib\BLE_v1_20\Library\gccCyBLEStack_BLE_SOC_PERIPHERAL.a(ll.o)
                0x000045e0                ll_update_device_fsm

i.pf_le_start_timer
                0x000045e8       0x16
 i.pf_le_start_timer
                0x000045e8       0x16 C:\Program Files (x86)\Cypress\PSoC Creator\3.1\PSoC Creator\psoc\content\cycomponentlibrary\CyComponentLibrary.cylib\BLE_v1_20\Library\gccCyBLEStack_BLE_SOC_PERIPHERAL.a(ll.o)
                0x000045e8                pf_le_start_timer

i.pf_le_stop_timer
                0x000045fe       0x12
 i.pf_le_stop_timer
                0x000045fe       0x12 C:\Program Files (x86)\Cypress\PSoC Creator\3.1\PSoC Creator\psoc\content\cycomponentlibrary\CyComponentLibrary.cylib\BLE_v1_20\Library\gccCyBLEStack_BLE_SOC_PERIPHERAL.a(ll.o)
                0x000045fe                pf_le_stop_timer

i.CyBleControllerIP_TuneAdvEventInterPktSlots
                0x00004610       0x44
 i.CyBleControllerIP_TuneAdvEventInterPktSlots
                0x00004610       0x44 C:\Program Files (x86)\Cypress\PSoC Creator\3.1\PSoC Creator\psoc\content\cycomponentlibrary\CyComponentLibrary.cylib\BLE_v1_20\Library\gccCyBLEStack_BLE_SOC_PERIPHERAL.a(ll_advertiser.o)
                0x00004610                CyBleControllerIP_TuneAdvEventInterPktSlots

i.ll_adv_is_configured_connection_adv
                0x00004654       0x1e
 i.ll_adv_is_configured_connection_adv
                0x00004654       0x1e C:\Program Files (x86)\Cypress\PSoC Creator\3.1\PSoC Creator\psoc\content\cycomponentlibrary\CyComponentLibrary.cylib\BLE_v1_20\Library\gccCyBLEStack_BLE_SOC_PERIPHERAL.a(ll_advertiser.o)
                0x00004654                ll_adv_is_configured_connection_adv

i.ll_check_random_address_in_use_by_advertiser
                0x00004672       0x10
 i.ll_check_random_address_in_use_by_advertiser
                0x00004672       0x10 C:\Program Files (x86)\Cypress\PSoC Creator\3.1\PSoC Creator\psoc\content\cycomponentlibrary\CyComponentLibrary.cylib\BLE_v1_20\Library\gccCyBLEStack_BLE_SOC_PERIPHERAL.a(ll_advertiser.o)
                0x00004672                ll_check_random_address_in_use_by_advertiser

i.ll_check_whitelist_in_use_by_advertiser
                0x00004682       0x10
 i.ll_check_whitelist_in_use_by_advertiser
                0x00004682       0x10 C:\Program Files (x86)\Cypress\PSoC Creator\3.1\PSoC Creator\psoc\content\cycomponentlibrary\CyComponentLibrary.cylib\BLE_v1_20\Library\gccCyBLEStack_BLE_SOC_PERIPHERAL.a(ll_advertiser.o)
                0x00004682                ll_check_whitelist_in_use_by_advertiser

i.ll_get_adv_status
                0x00004692        0xc
 i.ll_get_adv_status
                0x00004692        0xc C:\Program Files (x86)\Cypress\PSoC Creator\3.1\PSoC Creator\psoc\content\cycomponentlibrary\CyComponentLibrary.cylib\BLE_v1_20\Library\gccCyBLEStack_BLE_SOC_PERIPHERAL.a(ll_advertiser.o)
                0x00004692                ll_get_adv_status

i.ll_get_adv_type
                0x0000469e       0x16
 i.ll_get_adv_type
                0x0000469e       0x16 C:\Program Files (x86)\Cypress\PSoC Creator\3.1\PSoC Creator\psoc\content\cycomponentlibrary\CyComponentLibrary.cylib\BLE_v1_20\Library\gccCyBLEStack_BLE_SOC_PERIPHERAL.a(ll_advertiser.o)
                0x0000469e                ll_get_adv_type

i.ll_handle_adv_intr
                0x000046b4       0x50
 i.ll_handle_adv_intr
                0x000046b4       0x50 C:\Program Files (x86)\Cypress\PSoC Creator\3.1\PSoC Creator\psoc\content\cycomponentlibrary\CyComponentLibrary.cylib\BLE_v1_20\Library\gccCyBLEStack_BLE_SOC_PERIPHERAL.a(ll_advertiser.o)
                0x000046b4                ll_handle_adv_intr

i.ll_handle_set_adv_data
                0x00004704       0x14
 i.ll_handle_set_adv_data
                0x00004704       0x14 C:\Program Files (x86)\Cypress\PSoC Creator\3.1\PSoC Creator\psoc\content\cycomponentlibrary\CyComponentLibrary.cylib\BLE_v1_20\Library\gccCyBLEStack_BLE_SOC_PERIPHERAL.a(ll_advertiser.o)
                0x00004704                ll_handle_set_adv_data

i.ll_handle_set_adv_parameters
                0x00004718       0x84
 i.ll_handle_set_adv_parameters
                0x00004718       0x84 C:\Program Files (x86)\Cypress\PSoC Creator\3.1\PSoC Creator\psoc\content\cycomponentlibrary\CyComponentLibrary.cylib\BLE_v1_20\Library\gccCyBLEStack_BLE_SOC_PERIPHERAL.a(ll_advertiser.o)
                0x00004718                ll_handle_set_adv_parameters

i.ll_handle_set_advertise_enable
                0x0000479c       0x70
 i.ll_handle_set_advertise_enable
                0x0000479c       0x70 C:\Program Files (x86)\Cypress\PSoC Creator\3.1\PSoC Creator\psoc\content\cycomponentlibrary\CyComponentLibrary.cylib\BLE_v1_20\Library\gccCyBLEStack_BLE_SOC_PERIPHERAL.a(ll_advertiser.o)
                0x0000479c                ll_handle_set_advertise_enable

i.ll_handle_set_scan_resp_data
                0x0000480c       0x14
 i.ll_handle_set_scan_resp_data
                0x0000480c       0x14 C:\Program Files (x86)\Cypress\PSoC Creator\3.1\PSoC Creator\psoc\content\cycomponentlibrary\CyComponentLibrary.cylib\BLE_v1_20\Library\gccCyBLEStack_BLE_SOC_PERIPHERAL.a(ll_advertiser.o)
                0x0000480c                ll_handle_set_scan_resp_data

i.ll_init_advertiser
                0x00004820       0x68
 i.ll_init_advertiser
                0x00004820       0x68 C:\Program Files (x86)\Cypress\PSoC Creator\3.1\PSoC Creator\psoc\content\cycomponentlibrary\CyComponentLibrary.cylib\BLE_v1_20\Library\gccCyBLEStack_BLE_SOC_PERIPHERAL.a(ll_advertiser.o)
                0x00004820                ll_init_advertiser

i.is_le_connection_handle
                0x00004888       0x28
 i.is_le_connection_handle
                0x00004888       0x28 C:\Program Files (x86)\Cypress\PSoC Creator\3.1\PSoC Creator\psoc\content\cycomponentlibrary\CyComponentLibrary.cylib\BLE_v1_20\Library\gccCyBLEStack_BLE_SOC_PERIPHERAL.a(ll_connection.o)
                0x00004888                is_le_connection_handle

i.le_assign_connection_handle
                0x000048b0       0x28
 i.le_assign_connection_handle
                0x000048b0       0x28 C:\Program Files (x86)\Cypress\PSoC Creator\3.1\PSoC Creator\psoc\content\cycomponentlibrary\CyComponentLibrary.cylib\BLE_v1_20\Library\gccCyBLEStack_BLE_SOC_PERIPHERAL.a(ll_connection.o)
                0x000048b0                le_assign_connection_handle

i.le_get_connection_index
                0x000048d8        0x6
 i.le_get_connection_index
                0x000048d8        0x6 C:\Program Files (x86)\Cypress\PSoC Creator\3.1\PSoC Creator\psoc\content\cycomponentlibrary\CyComponentLibrary.cylib\BLE_v1_20\Library\gccCyBLEStack_BLE_SOC_PERIPHERAL.a(ll_connection.o)
                0x000048d8                le_get_connection_index

i.ll_allocate_connection
                0x000048e0       0x44
 i.ll_allocate_connection
                0x000048e0       0x44 C:\Program Files (x86)\Cypress\PSoC Creator\3.1\PSoC Creator\psoc\content\cycomponentlibrary\CyComponentLibrary.cylib\BLE_v1_20\Library\gccCyBLEStack_BLE_SOC_PERIPHERAL.a(ll_connection.o)
                0x000048e0                ll_allocate_connection

i.ll_calculate_and_program_def_win_widen_drift
                0x00004924       0x14
 i.ll_calculate_and_program_def_win_widen_drift
                0x00004924       0x14 C:\Program Files (x86)\Cypress\PSoC Creator\3.1\PSoC Creator\psoc\content\cycomponentlibrary\CyComponentLibrary.cylib\BLE_v1_20\Library\gccCyBLEStack_BLE_SOC_PERIPHERAL.a(ll_connection.o)
                0x00004924                ll_calculate_and_program_def_win_widen_drift

i.ll_calculate_drift
                0x00004938       0x2c
 i.ll_calculate_drift
                0x00004938       0x2c C:\Program Files (x86)\Cypress\PSoC Creator\3.1\PSoC Creator\psoc\content\cycomponentlibrary\CyComponentLibrary.cylib\BLE_v1_20\Library\gccCyBLEStack_BLE_SOC_PERIPHERAL.a(ll_connection.o)
                0x00004938                ll_calculate_drift

i.ll_check_and_decrypt_ll_pdu
                0x00004964       0x68
 i.ll_check_and_decrypt_ll_pdu
                0x00004964       0x68 C:\Program Files (x86)\Cypress\PSoC Creator\3.1\PSoC Creator\psoc\content\cycomponentlibrary\CyComponentLibrary.cylib\BLE_v1_20\Library\gccCyBLEStack_BLE_SOC_PERIPHERAL.a(ll_connection.o)
                0x00004964                ll_check_and_decrypt_ll_pdu

i.ll_check_and_decrypt_packet
                0x000049cc       0x6a
 i.ll_check_and_decrypt_packet
                0x000049cc       0x6a C:\Program Files (x86)\Cypress\PSoC Creator\3.1\PSoC Creator\psoc\content\cycomponentlibrary\CyComponentLibrary.cylib\BLE_v1_20\Library\gccCyBLEStack_BLE_SOC_PERIPHERAL.a(ll_connection.o)
                0x000049cc                ll_check_and_decrypt_packet

i.ll_check_and_encrypt_ll_pdu
                0x00004a36       0x72
 i.ll_check_and_encrypt_ll_pdu
                0x00004a36       0x72 C:\Program Files (x86)\Cypress\PSoC Creator\3.1\PSoC Creator\psoc\content\cycomponentlibrary\CyComponentLibrary.cylib\BLE_v1_20\Library\gccCyBLEStack_BLE_SOC_PERIPHERAL.a(ll_connection.o)
                0x00004a36                ll_check_and_encrypt_ll_pdu

i.ll_check_and_encrypt_packet
                0x00004aa8       0x8a
 i.ll_check_and_encrypt_packet
                0x00004aa8       0x8a C:\Program Files (x86)\Cypress\PSoC Creator\3.1\PSoC Creator\psoc\content\cycomponentlibrary\CyComponentLibrary.cylib\BLE_v1_20\Library\gccCyBLEStack_BLE_SOC_PERIPHERAL.a(ll_connection.o)
                0x00004aa8                ll_check_and_encrypt_packet

i.ll_check_for_allowing_incoming_connection_update
                0x00004b32       0x42
 i.ll_check_for_allowing_incoming_connection_update
                0x00004b32       0x42 C:\Program Files (x86)\Cypress\PSoC Creator\3.1\PSoC Creator\psoc\content\cycomponentlibrary\CyComponentLibrary.cylib\BLE_v1_20\Library\gccCyBLEStack_BLE_SOC_PERIPHERAL.a(ll_connection.o)
                0x00004b32                ll_check_for_allowing_incoming_connection_update

i.ll_check_if_pdu_is_loaded_to_hardware
                0x00004b74       0x1c
 i.ll_check_if_pdu_is_loaded_to_hardware
                0x00004b74       0x1c C:\Program Files (x86)\Cypress\PSoC Creator\3.1\PSoC Creator\psoc\content\cycomponentlibrary\CyComponentLibrary.cylib\BLE_v1_20\Library\gccCyBLEStack_BLE_SOC_PERIPHERAL.a(ll_connection.o)
                0x00004b74                ll_check_if_pdu_is_loaded_to_hardware

i.ll_check_random_address_in_use_by_initiator
                0x00004b90       0x30
 i.ll_check_random_address_in_use_by_initiator
                0x00004b90       0x30 C:\Program Files (x86)\Cypress\PSoC Creator\3.1\PSoC Creator\psoc\content\cycomponentlibrary\CyComponentLibrary.cylib\BLE_v1_20\Library\gccCyBLEStack_BLE_SOC_PERIPHERAL.a(ll_connection.o)
                0x00004b90                ll_check_random_address_in_use_by_initiator

i.ll_check_white_list_in_use_by_initiator
                0x00004bc0       0x30
 i.ll_check_white_list_in_use_by_initiator
                0x00004bc0       0x30 C:\Program Files (x86)\Cypress\PSoC Creator\3.1\PSoC Creator\psoc\content\cycomponentlibrary\CyComponentLibrary.cylib\BLE_v1_20\Library\gccCyBLEStack_BLE_SOC_PERIPHERAL.a(ll_connection.o)
                0x00004bc0                ll_check_white_list_in_use_by_initiator

i.ll_conn_free_enc_txn_buffer
                0x00004bf0       0x16
 i.ll_conn_free_enc_txn_buffer
                0x00004bf0       0x16 C:\Program Files (x86)\Cypress\PSoC Creator\3.1\PSoC Creator\psoc\content\cycomponentlibrary\CyComponentLibrary.cylib\BLE_v1_20\Library\gccCyBLEStack_BLE_SOC_PERIPHERAL.a(ll_connection.o)
                0x00004bf0                ll_conn_free_enc_txn_buffer

i.ll_conn_fsm_update_channel_state
                0x00004c06        0x6
 i.ll_conn_fsm_update_channel_state
                0x00004c06        0x6 C:\Program Files (x86)\Cypress\PSoC Creator\3.1\PSoC Creator\psoc\content\cycomponentlibrary\CyComponentLibrary.cylib\BLE_v1_20\Library\gccCyBLEStack_BLE_SOC_PERIPHERAL.a(ll_connection.o)
                0x00004c06                ll_conn_fsm_update_channel_state

i.ll_conn_fsm_update_conn_update_state
                0x00004c0c        0x6
 i.ll_conn_fsm_update_conn_update_state
                0x00004c0c        0x6 C:\Program Files (x86)\Cypress\PSoC Creator\3.1\PSoC Creator\psoc\content\cycomponentlibrary\CyComponentLibrary.cylib\BLE_v1_20\Library\gccCyBLEStack_BLE_SOC_PERIPHERAL.a(ll_connection.o)
                0x00004c0c                ll_conn_fsm_update_conn_update_state

i.ll_conn_fsm_update_enc_state
                0x00004c12        0x6
 i.ll_conn_fsm_update_enc_state
                0x00004c12        0x6 C:\Program Files (x86)\Cypress\PSoC Creator\3.1\PSoC Creator\psoc\content\cycomponentlibrary\CyComponentLibrary.cylib\BLE_v1_20\Library\gccCyBLEStack_BLE_SOC_PERIPHERAL.a(ll_connection.o)
                0x00004c12                ll_conn_fsm_update_enc_state

i.ll_conn_fsm_update_state
                0x00004c18        0x4
 i.ll_conn_fsm_update_state
                0x00004c18        0x4 C:\Program Files (x86)\Cypress\PSoC Creator\3.1\PSoC Creator\psoc\content\cycomponentlibrary\CyComponentLibrary.cylib\BLE_v1_20\Library\gccCyBLEStack_BLE_SOC_PERIPHERAL.a(ll_connection.o)
                0x00004c18                ll_conn_fsm_update_state

i.ll_conn_handle_data_pdu_from_host_when_data_paused
                0x00004c1c        0x8
 i.ll_conn_handle_data_pdu_from_host_when_data_paused
                0x00004c1c        0x8 C:\Program Files (x86)\Cypress\PSoC Creator\3.1\PSoC Creator\psoc\content\cycomponentlibrary\CyComponentLibrary.cylib\BLE_v1_20\Library\gccCyBLEStack_BLE_SOC_PERIPHERAL.a(ll_connection.o)
                0x00004c1c                ll_conn_handle_data_pdu_from_host_when_data_paused

i.ll_conn_handle_direct_adv_timeout
                0x00004c24       0x2a
 i.ll_conn_handle_direct_adv_timeout
                0x00004c24       0x2a C:\Program Files (x86)\Cypress\PSoC Creator\3.1\PSoC Creator\psoc\content\cycomponentlibrary\CyComponentLibrary.cylib\BLE_v1_20\Library\gccCyBLEStack_BLE_SOC_PERIPHERAL.a(ll_connection.o)
                0x00004c24                ll_conn_handle_direct_adv_timeout

i.ll_conn_handle_ping_timer_expired_interrupt
                0x00004c50       0x1c
 i.ll_conn_handle_ping_timer_expired_interrupt
                0x00004c50       0x1c C:\Program Files (x86)\Cypress\PSoC Creator\3.1\PSoC Creator\psoc\content\cycomponentlibrary\CyComponentLibrary.cylib\BLE_v1_20\Library\gccCyBLEStack_BLE_SOC_PERIPHERAL.a(ll_connection.o)
                0x00004c50                ll_conn_handle_ping_timer_expired_interrupt

i.ll_conn_handle_ping_timer_nearly_expired_interrupt
                0x00004c6c       0x20
 i.ll_conn_handle_ping_timer_nearly_expired_interrupt
                0x00004c6c       0x20 C:\Program Files (x86)\Cypress\PSoC Creator\3.1\PSoC Creator\psoc\content\cycomponentlibrary\CyComponentLibrary.cylib\BLE_v1_20\Library\gccCyBLEStack_BLE_SOC_PERIPHERAL.a(ll_connection.o)
                0x00004c6c                ll_conn_handle_ping_timer_nearly_expired_interrupt

i.ll_conn_handle_stop_connectable_adv
                0x00004c8c       0x12
 i.ll_conn_handle_stop_connectable_adv
                0x00004c8c       0x12 C:\Program Files (x86)\Cypress\PSoC Creator\3.1\PSoC Creator\psoc\content\cycomponentlibrary\CyComponentLibrary.cylib\BLE_v1_20\Library\gccCyBLEStack_BLE_SOC_PERIPHERAL.a(ll_connection.o)
                0x00004c8c                ll_conn_handle_stop_connectable_adv

i.ll_conn_process_pending_transactions
                0x00004c9e        0x4
 i.ll_conn_process_pending_transactions
                0x00004c9e        0x4 C:\Program Files (x86)\Cypress\PSoC Creator\3.1\PSoC Creator\psoc\content\cycomponentlibrary\CyComponentLibrary.cylib\BLE_v1_20\Library\gccCyBLEStack_BLE_SOC_PERIPHERAL.a(ll_connection.o)
                0x00004c9e                ll_conn_process_pending_transactions

i.ll_conn_program_authenticated_payload_timer
                0x00004ca4       0x50
 i.ll_conn_program_authenticated_payload_timer
                0x00004ca4       0x50 C:\Program Files (x86)\Cypress\PSoC Creator\3.1\PSoC Creator\psoc\content\cycomponentlibrary\CyComponentLibrary.cylib\BLE_v1_20\Library\gccCyBLEStack_BLE_SOC_PERIPHERAL.a(ll_connection.o)
                0x00004ca4                ll_conn_program_authenticated_payload_timer

i.ll_conn_read_data_pdu_from_hardware
                0x00004cf4       0x14
 i.ll_conn_read_data_pdu_from_hardware
                0x00004cf4       0x14 C:\Program Files (x86)\Cypress\PSoC Creator\3.1\PSoC Creator\psoc\content\cycomponentlibrary\CyComponentLibrary.cylib\BLE_v1_20\Library\gccCyBLEStack_BLE_SOC_PERIPHERAL.a(ll_connection.o)
                0x00004cf4                ll_conn_read_data_pdu_from_hardware

i.ll_conn_send_ping_req_pdu
                0x00004d08       0x40
 i.ll_conn_send_ping_req_pdu
                0x00004d08       0x40 C:\Program Files (x86)\Cypress\PSoC Creator\3.1\PSoC Creator\psoc\content\cycomponentlibrary\CyComponentLibrary.cylib\BLE_v1_20\Library\gccCyBLEStack_BLE_SOC_PERIPHERAL.a(ll_connection.o)
                0x00004d08                ll_conn_send_ping_req_pdu

i.ll_conn_store_pending_tx_pdu
                0x00004d48       0x1a
 i.ll_conn_store_pending_tx_pdu